Archive member included to satisfy reference by file (symbol)

app/libapp.a(main.c.obj)      (--whole-archive)
zephyr/libzephyr.a(heap.c.obj)
                              (--whole-archive)
zephyr/libzephyr.a(cbprintf_packaged.c.obj)
                              (--whole-archive)
zephyr/libzephyr.a(printk.c.obj)
                              (--whole-archive)
zephyr/libzephyr.a(sem.c.obj)
                              (--whole-archive)
zephyr/libzephyr.a(thread_entry.c.obj)
                              (--whole-archive)
zephyr/libzephyr.a(cbprintf_complete.c.obj)
                              (--whole-archive)
zephyr/libzephyr.a(assert.c.obj)
                              (--whole-archive)
zephyr/libzephyr.a(reboot.c.obj)
                              (--whole-archive)
zephyr/libzephyr.a(dec.c.obj)
                              (--whole-archive)
zephyr/libzephyr.a(hex.c.obj)
                              (--whole-archive)
zephyr/libzephyr.a(rb.c.obj)  (--whole-archive)
zephyr/libzephyr.a(timeutil.c.obj)
                              (--whole-archive)
zephyr/libzephyr.a(bitarray.c.obj)
                              (--whole-archive)
zephyr/libzephyr.a(configs.c.obj)
                              (--whole-archive)
zephyr/libzephyr.a(soc.c.obj)
                              (--whole-archive)
zephyr/libzephyr.a(stm32cube_hal.c.obj)
                              (--whole-archive)
zephyr/libzephyr.a(soc_config.c.obj)
                              (--whole-archive)
zephyr/libzephyr.a(tracing_none.c.obj)
                              (--whole-archive)
zephyr/arch/common/libarch__common.a(sw_isr_common.c.obj)
                              (--whole-archive)
zephyr/arch/arch/arm/core/libarch__arm__core.a(fatal.c.obj)
                              (--whole-archive)
zephyr/arch/arch/arm/core/libarch__arm__core.a(nmi.c.obj)
                              (--whole-archive)
zephyr/arch/arch/arm/core/libarch__arm__core.a(nmi_on_reset.S.obj)
                              (--whole-archive)
zephyr/arch/arch/arm/core/libarch__arm__core.a(tls.c.obj)
                              (--whole-archive)
zephyr/arch/arch/arm/core/cortex_m/libarch__arm__core__cortex_m.a(exc_exit.S.obj)
                              (--whole-archive)
zephyr/arch/arch/arm/core/cortex_m/libarch__arm__core__cortex_m.a(fault.c.obj)
                              (--whole-archive)
zephyr/arch/arch/arm/core/cortex_m/libarch__arm__core__cortex_m.a(fault_s.S.obj)
                              (--whole-archive)
zephyr/arch/arch/arm/core/cortex_m/libarch__arm__core__cortex_m.a(fpu.c.obj)
                              (--whole-archive)
zephyr/arch/arch/arm/core/cortex_m/libarch__arm__core__cortex_m.a(reset.S.obj)
                              (--whole-archive)
zephyr/arch/arch/arm/core/cortex_m/libarch__arm__core__cortex_m.a(scb.c.obj)
                              (--whole-archive)
zephyr/arch/arch/arm/core/cortex_m/libarch__arm__core__cortex_m.a(thread_abort.c.obj)
                              (--whole-archive)
zephyr/arch/arch/arm/core/cortex_m/libarch__arm__core__cortex_m.a(vector_table.S.obj)
                              (--whole-archive)
zephyr/arch/arch/arm/core/cortex_m/libarch__arm__core__cortex_m.a(swap.c.obj)
                              (--whole-archive)
zephyr/arch/arch/arm/core/cortex_m/libarch__arm__core__cortex_m.a(swap_helper.S.obj)
                              (--whole-archive)
zephyr/arch/arch/arm/core/cortex_m/libarch__arm__core__cortex_m.a(irq_manage.c.obj)
                              (--whole-archive)
zephyr/arch/arch/arm/core/cortex_m/libarch__arm__core__cortex_m.a(prep_c.c.obj)
                              (--whole-archive)
zephyr/arch/arch/arm/core/cortex_m/libarch__arm__core__cortex_m.a(thread.c.obj)
                              (--whole-archive)
zephyr/arch/arch/arm/core/cortex_m/libarch__arm__core__cortex_m.a(cpu_idle.S.obj)
                              (--whole-archive)
zephyr/arch/arch/arm/core/cortex_m/libarch__arm__core__cortex_m.a(irq_init.c.obj)
                              (--whole-archive)
zephyr/arch/arch/arm/core/cortex_m/libarch__arm__core__cortex_m.a(isr_wrapper.S.obj)
                              (--whole-archive)
zephyr/arch/arch/arm/core/cortex_m/libarch__arm__core__cortex_m.a(__aeabi_read_tp.S.obj)
                              (--whole-archive)
zephyr/lib/libc/picolibc/liblib__libc__picolibc.a(libc-hooks.c.obj)
                              (--whole-archive)
zephyr/lib/libc/common/liblib__libc__common.a(abort.c.obj)
                              (--whole-archive)
zephyr/lib/libc/common/liblib__libc__common.a(malloc.c.obj)
                              (--whole-archive)
zephyr/drivers/interrupt_controller/libdrivers__interrupt_controller.a(intc_exti_stm32.c.obj)
                              (--whole-archive)
zephyr/drivers/clock_control/libdrivers__clock_control.a(clock_stm32_ll_common.c.obj)
                              (--whole-archive)
[...]
Memory Configuration

Name             Origin             Length             Attributes
FLASH            0x0000000008000000 0x0000000000010000 xr
RAM              0x0000000020000000 0x0000000000005000 xw
IDT_LIST         0x00000000ffff7fff 0x0000000000008000 xw
*default*        0x0000000000000000 0xffffffffffffffff

Linker script and memory map

                0x0000000008001ae8                vfprintf = __l_vfprintf
                0x0000000000000000                vfscanf = __l_vfscanf
LOAD zephyr/CMakeFiles/zephyr_final.dir/misc/empty_file.c.obj
LOAD zephyr/CMakeFiles/zephyr_final.dir/isr_tables.c.obj
LOAD zephyr/CMakeFiles/offsets.dir/./arch/arm/core/offsets/offsets.c.obj
LOAD app/libapp.a
LOAD zephyr/libzephyr.a
LOAD zephyr/arch/common/libarch__common.a
LOAD zephyr/arch/arch/arm/core/libarch__arm__core.a
LOAD zephyr/arch/arch/arm/core/cortex_m/libarch__arm__core__cortex_m.a
LOAD zephyr/lib/libc/picolibc/liblib__libc__picolibc.a
LOAD zephyr/lib/libc/common/liblib__libc__common.a
LOAD zephyr/drivers/interrupt_controller/libdrivers__interrupt_controller.a
LOAD zephyr/drivers/clock_control/libdrivers__clock_control.a
LOAD zephyr/drivers/console/libdrivers__console.a
LOAD zephyr/drivers/gpio/libdrivers__gpio.a
LOAD zephyr/drivers/pinctrl/libdrivers__pinctrl.a
LOAD zephyr/drivers/reset/libdrivers__reset.a
LOAD zephyr/drivers/serial/libdrivers__serial.a
LOAD zephyr/drivers/timer/libdrivers__timer.a
LOAD modules/stm32/stm32cube/lib..__modules__hal__stm32__stm32cube.a
LOAD zephyr/kernel/libkernel.a
LOAD c:/users/aryan/onedrive/desktop/frl/avionics/test_stm32/zephyr-sdk-0.16.5/arm-zephyr-eabi/bin/../lib/gcc/arm-zephyr-eabi/12.2.0/thumb/v7-m/nofp\libgcc.a
LOAD zephyr/arch/common/libisr_tables.a
LOAD c:\users\aryan\onedrive\desktop\frl\avionics\test_stm32\zephyr-sdk-0.16.5\arm-zephyr-eabi\bin\../lib/gcc/../../picolibc/arm-zephyr-eabi/lib/thumb/v7-m/nofp\libc.a
LOAD c:/users/aryan/onedrive/desktop/frl/avionics/test_stm32/zephyr-sdk-0.16.5/arm-zephyr-eabi/bin/../lib/gcc/arm-zephyr-eabi/12.2.0/thumb/v7-m/nofp\libgcc.a
                0x0000000000000004                _region_min_align = 0x4

.rel.plt        0x0000000008000000        0x0
 *(SORT_BY_ALIGNMENT(.rel.plt))
                [!provide]                        PROVIDE (__rel_iplt_start = .)
 *(SORT_BY_ALIGNMENT(.rel.iplt))
 .rel.iplt      0x0000000008000000        0x0 zephyr/CMakeFiles/zephyr_final.dir/isr_tables.c.obj
                [!provide]                        PROVIDE (__rel_iplt_end = .)

.rela.plt       0x0000000000000000        0x0
 *(SORT_BY_ALIGNMENT(.rela.plt))
                [!provide]                        PROVIDE (__rela_iplt_start = .)
 *(SORT_BY_ALIGNMENT(.rela.iplt))
                [!provide]                        PROVIDE (__rela_iplt_end = .)

.rel.dyn
 *(SORT_BY_ALIGNMENT(.rel.*))

.rela.dyn
 *(SORT_BY_ALIGNMENT(.rela.*))

/DISCARD/
 *(SORT_BY_ALIGNMENT(.plt))

/DISCARD/
 *(SORT_BY_ALIGNMENT(.iplt))
                0x0000000008000000                __rom_region_start = 0x8000000

rom_start       0x0000000008000000       0xec
                0x0000000008000000                __rom_start_address = .
 FILL mask 0x00
                0x0000000008000000                . = (. + (0x0 - (. - __rom_start_address)))
                0x0000000008000000                . = ALIGN (0x4)
                0x0000000008000000                . = ALIGN (0x80)
                0x0000000008000000                . = ALIGN (0x100)
                0x0000000008000000                _vector_start = .
 *(SORT_BY_ALIGNMENT(.exc_vector_table))
 *(SORT_BY_ALIGNMENT(.exc_vector_table.*))
 .exc_vector_table._vector_table_section
                0x0000000008000000       0x40 zephyr/arch/arch/arm/core/cortex_m/libarch__arm__core__cortex_m.a(vector_table.S.obj)
                0x0000000008000000                _vector_table
 *(SORT_BY_ALIGNMENT(.vectors))
                0x00000000080000ec                _vector_end = .
                0x0000000008000040                . = ALIGN (0x4)
 *(SORT_BY_ALIGNMENT(.gnu.linkonce.irq_vector_table*))
 .gnu.linkonce.irq_vector_table
                0x0000000008000040       0xac zephyr/CMakeFiles/zephyr_final.dir/isr_tables.c.obj
                0x0000000008000040                _irq_vector_table
                0x00000000080000ec                _vector_end = .

text            0x00000000080000ec     0x2854
                0x00000000080000ec                __text_region_start = .
 *(SORT_BY_ALIGNMENT(.text))
 *(SORT_BY_ALIGNMENT(.text.*))
 .text.char_out
                0x00000000080000ec        0xc zephyr/libzephyr.a(printk.c.obj)
 .text.vprintk  0x00000000080000f8       0x30 zephyr/libzephyr.a(printk.c.obj)
                0x00000000080000f8                vprintk
 .text.__printk_hook_install
                0x0000000008000128        0xc zephyr/libzephyr.a(printk.c.obj)
                0x0000000008000128                __printk_hook_install
 .text.z_thread_entry
                0x0000000008000134       0x34 zephyr/libzephyr.a(thread_entry.c.obj)
                0x0000000008000134                z_thread_entry
 .text.stm32f1_init
                0x0000000008000168       0x14 zephyr/libzephyr.a(soc.c.obj)
 .text.st_stm32_common_config
                0x000000000800017c       0x14 zephyr/libzephyr.a(soc_config.c.obj)
 .text.z_arm_nmi
                0x0000000008000190       0x14 zephyr/arch/arch/arm/core/libarch__arm__core.a(nmi.c.obj)
                0x0000000008000190                z_arm_nmi
 .text.z_SysNmiOnReset
                0x00000000080001a4        0x8 zephyr/arch/arch/arm/core/libarch__arm__core.a(nmi_on_reset.S.obj)
                0x00000000080001a4                z_SysNmiOnReset
 .text.arch_tls_stack_setup
                0x00000000080001ac       0x5c zephyr/arch/arch/arm/core/libarch__arm__core.a(tls.c.obj)
                0x00000000080001ac                arch_tls_stack_setup
 .text._HandlerModeExit
                0x0000000008000208       0x1c zephyr/arch/arch/arm/core/cortex_m/libarch__arm__core__cortex_m.a(exc_exit.S.obj)
                0x0000000008000208                z_arm_int_exit
                0x0000000008000208                z_arm_exc_exit
 .text.usage_fault.constprop.0
                0x0000000008000224       0x54 zephyr/arch/arch/arm/core/cortex_m/libarch__arm__core__cortex_m.a(fault.c.obj)
 .text.bus_fault.constprop.0
                0x0000000008000278       0x60 zephyr/arch/arch/arm/core/cortex_m/libarch__arm__core__cortex_m.a(fault.c.obj)
 .text.mem_manage_fault.constprop.0
                0x00000000080002d8       0x5c zephyr/arch/arch/arm/core/cortex_m/libarch__arm__core__cortex_m.a(fault.c.obj)
 .text.z_arm_fault
                0x0000000008000334      0x124 zephyr/arch/arch/arm/core/cortex_m/libarch__arm__core__cortex_m.a(fault.c.obj)
                0x0000000008000334                z_arm_fault
 .text.z_arm_fault_init
                0x0000000008000458       0x10 zephyr/arch/arch/arm/core/cortex_m/libarch__arm__core__cortex_m.a(fault.c.obj)
                0x0000000008000458                z_arm_fault_init
 .text.__fault  0x0000000008000468       0x14 zephyr/arch/arch/arm/core/cortex_m/libarch__arm__core__cortex_m.a(fault_s.S.obj)
                0x0000000008000468                z_arm_usage_fault
                0x0000000008000468                z_arm_mpu_fault
                0x0000000008000468                z_arm_exc_spurious
                0x0000000008000468                z_arm_debug_monitor
                0x0000000008000468                z_arm_hard_fault
                0x0000000008000468                z_arm_bus_fault
 .text._reset_section
                0x000000000800047c       0x2c zephyr/arch/arch/arm/core/cortex_m/libarch__arm__core__cortex_m.a(reset.S.obj)
                0x000000000800047c                __start
                0x000000000800047c                z_arm_reset
 .text.z_impl_k_thread_abort
                0x00000000080004a8       0x2c zephyr/arch/arch/arm/core/cortex_m/libarch__arm__core__cortex_m.a(thread_abort.c.obj)
                0x00000000080004a8                z_impl_k_thread_abort
 .text.arch_swap
                0x00000000080004d4       0x30 zephyr/arch/arch/arm/core/cortex_m/libarch__arm__core__cortex_m.a(swap.c.obj)
                0x00000000080004d4                arch_swap
 .text.z_arm_pendsv
                0x0000000008000504       0x58 zephyr/arch/arch/arm/core/cortex_m/libarch__arm__core__cortex_m.a(swap_helper.S.obj)
                0x0000000008000504                z_arm_pendsv
 .text.z_arm_svc
                0x000000000800055c       0x20 zephyr/arch/arch/arm/core/cortex_m/libarch__arm__core__cortex_m.a(swap_helper.S.obj)
                0x000000000800055c                z_arm_svc
 .text.arch_irq_enable
                0x000000000800057c       0x1c zephyr/arch/arch/arm/core/cortex_m/libarch__arm__core__cortex_m.a(irq_manage.c.obj)
                0x000000000800057c                arch_irq_enable
 .text.z_arm_irq_priority_set
                0x0000000008000598       0x2c zephyr/arch/arch/arm/core/cortex_m/libarch__arm__core__cortex_m.a(irq_manage.c.obj)
                0x0000000008000598                z_arm_irq_priority_set
 .text.z_prep_c
                0x00000000080005c4       0x30 zephyr/arch/arch/arm/core/cortex_m/libarch__arm__core__cortex_m.a(prep_c.c.obj)
                0x00000000080005c4                z_prep_c
 .text.arch_new_thread
                0x00000000080005f4       0x38 zephyr/arch/arch/arm/core/cortex_m/libarch__arm__core__cortex_m.a(thread.c.obj)
                0x00000000080005f4                arch_new_thread
 .text.arch_switch_to_main_thread
                0x000000000800062c       0x2c zephyr/arch/arch/arm/core/cortex_m/libarch__arm__core__cortex_m.a(thread.c.obj)
                0x000000000800062c                arch_switch_to_main_thread
 .text.z_arm_cpu_idle_init
                0x0000000008000658        0xc zephyr/arch/arch/arm/core/cortex_m/libarch__arm__core__cortex_m.a(cpu_idle.S.obj)
                0x0000000008000658                z_arm_cpu_idle_init
 .text.arch_cpu_idle
                0x0000000008000664       0x1c zephyr/arch/arch/arm/core/cortex_m/libarch__arm__core__cortex_m.a(cpu_idle.S.obj)
                0x0000000008000664                arch_cpu_idle
 .text.z_arm_interrupt_init
                0x0000000008000680       0x18 zephyr/arch/arch/arm/core/cortex_m/libarch__arm__core__cortex_m.a(irq_init.c.obj)
                0x0000000008000680                z_arm_interrupt_init
 .text._isr_wrapper
                0x0000000008000698       0x28 zephyr/arch/arch/arm/core/cortex_m/libarch__arm__core__cortex_m.a(isr_wrapper.S.obj)
                0x0000000008000698                _isr_wrapper
 .text.z_impl_zephyr_fputc
                0x00000000080006c0       0x10 zephyr/lib/libc/picolibc/liblib__libc__picolibc.a(libc-hooks.c.obj)
                0x00000000080006c0                z_impl_zephyr_fputc
 .text.__stdout_hook_install
                0x00000000080006d0       0x18 zephyr/lib/libc/picolibc/liblib__libc__picolibc.a(libc-hooks.c.obj)
                0x00000000080006d0                __stdout_hook_install
 .text.malloc_prepare
                0x00000000080006e8       0x24 zephyr/lib/libc/common/liblib__libc__common.a(malloc.c.obj)
 .text.stm32_exti_isr
                0x000000000800070c       0x4c zephyr/drivers/interrupt_controller/libdrivers__interrupt_controller.a(intc_exti_stm32.c.obj)
 .text.stm32_fill_irq_table
                0x0000000008000758       0x18 zephyr/drivers/interrupt_controller/libdrivers__interrupt_controller.a(intc_exti_stm32.c.obj)
 .text.stm32_exti_enable
                0x0000000008000770       0x24 zephyr/drivers/interrupt_controller/libdrivers__interrupt_controller.a(intc_exti_stm32.c.obj)
                0x0000000008000770                stm32_exti_enable
 .text.stm32_exti_disable
                0x0000000008000794       0x18 zephyr/drivers/interrupt_controller/libdrivers__interrupt_controller.a(intc_exti_stm32.c.obj)
                0x0000000008000794                stm32_exti_disable
 .text.stm32_exti_trigger
                0x00000000080007ac       0x60 zephyr/drivers/interrupt_controller/libdrivers__interrupt_controller.a(intc_exti_stm32.c.obj)
                0x00000000080007ac                stm32_exti_trigger
 .text.stm32_exti_set_callback
                0x000000000800080c       0x30 zephyr/drivers/interrupt_controller/libdrivers__interrupt_controller.a(intc_exti_stm32.c.obj)
                0x000000000800080c                stm32_exti_set_callback
 .text.stm32_exti_unset_callback
                0x000000000800083c       0x14 zephyr/drivers/interrupt_controller/libdrivers__interrupt_controller.a(intc_exti_stm32.c.obj)
                0x000000000800083c                stm32_exti_unset_callback
 .text.stm32_clock_control_get_subsys_rate
                0x0000000008000850       0x40 zephyr/drivers/clock_control/libdrivers__clock_control.a(clock_stm32_ll_common.c.obj)
 .text.stm32_clock_control_init
                0x0000000008000890       0xe8 zephyr/drivers/clock_control/libdrivers__clock_control.a(clock_stm32_ll_common.c.obj)
                0x0000000008000890                stm32_clock_control_init
 .text.config_pll_sysclock
                0x0000000008000978       0x1c zephyr/drivers/clock_control/libdrivers__clock_control.a(clock_stm32f1.c.obj)
                0x0000000008000978                config_pll_sysclock
 .text.uart_console_init
                0x0000000008000994       0x28 zephyr/drivers/console/libdrivers__console.a(uart_console.c.obj)
 .text.console_out
                0x00000000080009bc       0x28 zephyr/drivers/console/libdrivers__console.a(uart_console.c.obj)
 .text.gpio_stm32_init
                0x00000000080009e4       0x30 zephyr/drivers/gpio/libdrivers__gpio.a(gpio_stm32.c.obj)
 .text.gpio_stm32_pin_interrupt_configure
                0x0000000008000a14       0xe0 zephyr/drivers/gpio/libdrivers__gpio.a(gpio_stm32.c.obj)
 .text.pinctrl_configure_pins
                0x0000000008000af4       0xf4 zephyr/drivers/pinctrl/libdrivers__pinctrl.a(pinctrl_stm32.c.obj)
                0x0000000008000af4                pinctrl_configure_pins
 .text.uart_stm32_parameters_set
                0x0000000008000be8       0xf8 zephyr/drivers/serial/libdrivers__serial.a(uart_stm32.c.obj)
 .text.uart_stm32_configure
                0x0000000008000ce0      0x140 zephyr/drivers/serial/libdrivers__serial.a(uart_stm32.c.obj)
 .text.uart_stm32_init
                0x0000000008000e20       0xb0 zephyr/drivers/serial/libdrivers__serial.a(uart_stm32.c.obj)
 .text.elapsed  0x0000000008000ed0       0x4c zephyr/drivers/timer/libdrivers__timer.a(cortex_m_systick.c.obj)
 .text.sys_clock_driver_init
                0x0000000008000f1c       0x38 zephyr/drivers/timer/libdrivers__timer.a(cortex_m_systick.c.obj)
 .text.sys_clock_isr
                0x0000000008000f54       0x54 zephyr/drivers/timer/libdrivers__timer.a(cortex_m_systick.c.obj)
                0x0000000008000f54                sys_clock_isr
 .text.sys_clock_set_timeout
                0x0000000008000fa8       0xfc zephyr/drivers/timer/libdrivers__timer.a(cortex_m_systick.c.obj)
                0x0000000008000fa8                sys_clock_set_timeout
 .text.sys_clock_elapsed
                0x00000000080010a4       0x3c zephyr/drivers/timer/libdrivers__timer.a(cortex_m_systick.c.obj)
                0x00000000080010a4                sys_clock_elapsed
 .text.HAL_RCC_GetSysClockFreq
                0x00000000080010e0       0x4c modules/stm32/stm32cube/lib..__modules__hal__stm32__stm32cube.a(stm32f1xx_hal_rcc.c.obj)
                0x00000000080010e0                HAL_RCC_GetSysClockFreq
 .text.LL_SetFlashLatency
                0x000000000800112c       0x4c modules/stm32/stm32cube/lib..__modules__hal__stm32__stm32cube.a(stm32f1xx_ll_utils.c.obj)
                0x000000000800112c                LL_SetFlashLatency
 .text.z_fatal_error
                0x0000000008001178       0x30 zephyr/kernel/libkernel.a(fatal.c.obj)
                0x0000000008001178                z_fatal_error
 .text.z_sys_init_run_level
                0x00000000080011a8       0x48 zephyr/kernel/libkernel.a(init.c.obj)
 .text.bg_thread_main
                0x00000000080011f0       0x34 zephyr/kernel/libkernel.a(init.c.obj)
 .text.z_bss_zero
                0x0000000008001224       0x18 zephyr/kernel/libkernel.a(init.c.obj)
                0x0000000008001224                z_bss_zero
 .text.z_init_cpu
                0x000000000800123c       0x84 zephyr/kernel/libkernel.a(init.c.obj)
                0x000000000800123c                z_init_cpu
 .text.z_cstart
                0x00000000080012c0       0xcc zephyr/kernel/libkernel.a(init.c.obj)
                0x00000000080012c0                z_cstart
 .text.z_setup_new_thread
                0x000000000800138c       0x70 zephyr/kernel/libkernel.a(thread.c.obj)
                0x000000000800138c                z_setup_new_thread
 .text.z_init_static_threads
                0x00000000080013fc       0x98 zephyr/kernel/libkernel.a(thread.c.obj)
                0x00000000080013fc                z_init_static_threads
 .text.sliceable
                0x0000000008001494       0x3c zephyr/kernel/libkernel.a(sched.c.obj)
 .text.slice_timeout
                0x00000000080014d0       0x20 zephyr/kernel/libkernel.a(sched.c.obj)
 .text.z_reset_time_slice
                0x00000000080014f0       0x50 zephyr/kernel/libkernel.a(sched.c.obj)
                0x00000000080014f0                z_reset_time_slice
 .text.update_cache
                0x0000000008001540       0x3c zephyr/kernel/libkernel.a(sched.c.obj)
 .text.move_thread_to_end_of_prio_q
                0x000000000800157c       0x74 zephyr/kernel/libkernel.a(sched.c.obj)
 .text.ready_thread
                0x00000000080015f0       0x68 zephyr/kernel/libkernel.a(sched.c.obj)
 .text.z_thread_halt
                0x0000000008001658       0xa0 zephyr/kernel/libkernel.a(sched.c.obj)
 .text.z_time_slice
                0x00000000080016f8       0x60 zephyr/kernel/libkernel.a(sched.c.obj)
                0x00000000080016f8                z_time_slice
 .text.z_reschedule
                0x0000000008001758       0x24 zephyr/kernel/libkernel.a(sched.c.obj)
                0x0000000008001758                z_reschedule
 .text.z_sched_start
                0x000000000800177c       0x3c zephyr/kernel/libkernel.a(sched.c.obj)
                0x000000000800177c                z_sched_start
 .text.z_reschedule_irqlock
                0x00000000080017b8       0x28 zephyr/kernel/libkernel.a(sched.c.obj)
                0x00000000080017b8                z_reschedule_irqlock
 .text.k_sched_lock
                0x00000000080017e0       0x28 zephyr/kernel/libkernel.a(sched.c.obj)
                0x00000000080017e0                k_sched_lock
 .text.k_sched_unlock
                0x0000000008001808       0x38 zephyr/kernel/libkernel.a(sched.c.obj)
                0x0000000008001808                k_sched_unlock
 .text.z_sched_init
                0x0000000008001840       0x10 zephyr/kernel/libkernel.a(sched.c.obj)
                0x0000000008001840                z_sched_init
 .text.z_impl_k_sched_current_thread_query
                0x0000000008001850        0xc zephyr/kernel/libkernel.a(sched.c.obj)
                0x0000000008001850                z_impl_k_sched_current_thread_query
 .text.z_data_copy
                0x000000000800185c       0x34 zephyr/kernel/libkernel.a(xip.c.obj)
                0x000000000800185c                z_data_copy
 .text.elapsed  0x0000000008001890       0x14 zephyr/kernel/libkernel.a(timeout.c.obj)
 .text.next_timeout
                0x00000000080018a4       0x40 zephyr/kernel/libkernel.a(timeout.c.obj)
 .text.remove_timeout
                0x00000000080018e4       0x38 zephyr/kernel/libkernel.a(timeout.c.obj)
 .text.z_add_timeout
                0x000000000800191c       0xec zephyr/kernel/libkernel.a(timeout.c.obj)
                0x000000000800191c                z_add_timeout
 .text.sys_clock_announce
                0x0000000008001a08       0xd4 zephyr/kernel/libkernel.a(timeout.c.obj)
                0x0000000008001a08                sys_clock_announce
 .text.boot_banner
                0x0000000008001adc        0xc zephyr/kernel/libkernel.a(banner.c.obj)
                0x0000000008001adc                boot_banner
 .text.__l_vfprintf
                0x0000000008001ae8      0x4b8 c:\users\aryan\onedrive\desktop\frl\avionics\test_stm32\zephyr-sdk-0.16.5\arm-zephyr-eabi\bin\../lib/gcc/../../picolibc/arm-zephyr-eabi/lib/thumb/v7-m/nofp\libc.a(libc_tinystdio_vflprintf.c.o)
                0x0000000008001ae8                __l_vfprintf
 .text._OffsetAbsSyms
                0x0000000008001fa0        0x2 zephyr/CMakeFiles/offsets.dir/./arch/arm/core/offsets/offsets.c.obj
                0x0000000008001fa0                _OffsetAbsSyms
 .text.chunk_size
                0x0000000008001fa2        0xa zephyr/libzephyr.a(heap.c.obj)
 .text.free_list_add
                0x0000000008001fac       0x4e zephyr/libzephyr.a(heap.c.obj)
 .text.sys_heap_init
                0x0000000008001ffa       0x7a zephyr/libzephyr.a(heap.c.obj)
                0x0000000008001ffa                sys_heap_init
 .text.arch_printk_char_out
                0x0000000008002074        0x4 zephyr/libzephyr.a(printk.c.obj)
                0x0000000008002074                arch_printk_char_out
 .text.printk   0x0000000008002078       0x1a zephyr/libzephyr.a(printk.c.obj)
                0x0000000008002078                printk
 .text._ConfigAbsSyms
                0x0000000008002092        0x2 zephyr/libzephyr.a(configs.c.obj)
                0x0000000008002092                _ConfigAbsSyms
 .text.z_arm_fatal_error
                0x0000000008002094        0x4 zephyr/arch/arch/arm/core/libarch__arm__core.a(fatal.c.obj)
                0x0000000008002094                z_arm_fatal_error
 .text.z_do_kernel_oops
                0x0000000008002098        0x8 zephyr/arch/arch/arm/core/libarch__arm__core.a(fatal.c.obj)
                0x0000000008002098                z_do_kernel_oops
 .text.z_irq_spurious
                0x00000000080020a0        0x8 zephyr/arch/arch/arm/core/cortex_m/libarch__arm__core__cortex_m.a(irq_manage.c.obj)
                0x00000000080020a0                z_irq_spurious
 .text.picolibc_put
                0x00000000080020a8        0xa zephyr/lib/libc/picolibc/liblib__libc__picolibc.a(libc-hooks.c.obj)
 .text.stm32_exti_init
                0x00000000080020b2       0x92 zephyr/drivers/interrupt_controller/libdrivers__interrupt_controller.a(intc_exti_stm32.c.obj)
 .text.stm32_clock_control_on
                0x0000000008002144       0x24 zephyr/drivers/clock_control/libdrivers__clock_control.a(clock_stm32_ll_common.c.obj)
 .text.stm32_clock_control_off
                0x0000000008002168       0x24 zephyr/drivers/clock_control/libdrivers__clock_control.a(clock_stm32_ll_common.c.obj)
 .text.stm32_clock_control_get_status
                0x000000000800218c       0x2e zephyr/drivers/clock_control/libdrivers__clock_control.a(clock_stm32_ll_common.c.obj)
 .text.stm32_clock_control_configure
                0x00000000080021ba       0x56 zephyr/drivers/clock_control/libdrivers__clock_control.a(clock_stm32_ll_common.c.obj)
 .text.config_enable_default_clocks
                0x0000000008002210        0x2 zephyr/drivers/clock_control/libdrivers__clock_control.a(clock_stm32f1.c.obj)
                0x0000000008002210                config_enable_default_clocks
 .text.gpio_stm32_port_get_raw
                0x0000000008002212        0xc zephyr/drivers/gpio/libdrivers__gpio.a(gpio_stm32.c.obj)
 .text.gpio_stm32_port_set_masked_raw
                0x000000000800221e       0x12 zephyr/drivers/gpio/libdrivers__gpio.a(gpio_stm32.c.obj)
 .text.gpio_stm32_port_set_bits_raw
                0x0000000008002230        0xa zephyr/drivers/gpio/libdrivers__gpio.a(gpio_stm32.c.obj)
 .text.gpio_stm32_port_clear_bits_raw
                0x000000000800223a        0xa zephyr/drivers/gpio/libdrivers__gpio.a(gpio_stm32.c.obj)
 .text.gpio_stm32_port_toggle_bits
                0x0000000008002244        0xe zephyr/drivers/gpio/libdrivers__gpio.a(gpio_stm32.c.obj)
 .text.gpio_stm32_manage_callback
                0x0000000008002252       0x52 zephyr/drivers/gpio/libdrivers__gpio.a(gpio_stm32.c.obj)
 .text.LL_GPIO_SetPinMode
                0x00000000080022a4       0x2c zephyr/drivers/gpio/libdrivers__gpio.a(gpio_stm32.c.obj)
 .text.LL_GPIO_SetPinSpeed
                0x00000000080022d0       0x2c zephyr/drivers/gpio/libdrivers__gpio.a(gpio_stm32.c.obj)
 .text.LL_GPIO_SetPinOutputType
                0x00000000080022fc       0x2c zephyr/drivers/gpio/libdrivers__gpio.a(gpio_stm32.c.obj)
 .text.gpio_stm32_isr
                0x0000000008002328       0x2e zephyr/drivers/gpio/libdrivers__gpio.a(gpio_stm32.c.obj)
 .text.gpio_stm32_configure_raw.constprop.0.isra.0
                0x0000000008002356       0xaa zephyr/drivers/gpio/libdrivers__gpio.a(gpio_stm32.c.obj)
 .text.gpio_stm32_config
                0x0000000008002400       0x72 zephyr/drivers/gpio/libdrivers__gpio.a(gpio_stm32.c.obj)
 .text.gpio_stm32_configure
                0x0000000008002472       0x2a zephyr/drivers/gpio/libdrivers__gpio.a(gpio_stm32.c.obj)
                0x0000000008002472                gpio_stm32_configure
 .text.pinctrl_lookup_state
                0x000000000800249c       0x26 zephyr/drivers/pinctrl/libdrivers__pinctrl.a(common.c.obj)
                0x000000000800249c                pinctrl_lookup_state
 .text.reset_stm32_status
                0x00000000080024c2       0x20 zephyr/drivers/reset/libdrivers__reset.a(reset_stm32.c.obj)
 .text.reset_stm32_line_assert
                0x00000000080024e2       0x1c zephyr/drivers/reset/libdrivers__reset.a(reset_stm32.c.obj)
 .text.reset_stm32_line_deassert
                0x00000000080024fe       0x1e zephyr/drivers/reset/libdrivers__reset.a(reset_stm32.c.obj)
 .text.reset_stm32_line_toggle
                0x000000000800251c       0x16 zephyr/drivers/reset/libdrivers__reset.a(reset_stm32.c.obj)
 .text.LL_USART_ClearFlag_PE
                0x0000000008002532       0x12 zephyr/drivers/serial/libdrivers__serial.a(uart_stm32.c.obj)
 .text.uart_stm32_set_baudrate
                0x0000000008002544       0x46 zephyr/drivers/serial/libdrivers__serial.a(uart_stm32.c.obj)
 .text.uart_stm32_err_check
                0x000000000800258a       0x66 zephyr/drivers/serial/libdrivers__serial.a(uart_stm32.c.obj)
 .text.uart_stm32_poll_out
                0x00000000080025f0       0x3a zephyr/drivers/serial/libdrivers__serial.a(uart_stm32.c.obj)
 .text.uart_stm32_poll_in
                0x000000000800262a       0x22 zephyr/drivers/serial/libdrivers__serial.a(uart_stm32.c.obj)
 .text.uart_stm32_config_get
                0x000000000800264c       0x8e zephyr/drivers/serial/libdrivers__serial.a(uart_stm32.c.obj)
 .text.z_device_state_init
                0x00000000080026da        0x2 zephyr/kernel/libkernel.a(device.c.obj)
                0x00000000080026da                z_device_state_init
 .text.z_device_is_ready
                0x00000000080026dc       0x16 zephyr/kernel/libkernel.a(device.c.obj)
                0x00000000080026dc                z_device_is_ready
 .text.arch_system_halt
                0x00000000080026f2       0x12 zephyr/kernel/libkernel.a(fatal.c.obj)
                0x00000000080026f2                arch_system_halt
 .text.k_sys_fatal_error_handler
                0x0000000008002704        0x6 zephyr/kernel/libkernel.a(fatal.c.obj)
                0x0000000008002704                k_sys_fatal_error_handler
 .text.z_early_memset
                0x000000000800270a        0x4 zephyr/kernel/libkernel.a(init.c.obj)
                0x000000000800270a                z_early_memset
 .text.z_early_memcpy
                0x000000000800270e        0x4 zephyr/kernel/libkernel.a(init.c.obj)
                0x000000000800270e                z_early_memcpy
 .text.sys_dlist_remove
                0x0000000008002712       0x10 zephyr/kernel/libkernel.a(sched.c.obj)
 .text.unpend_thread_no_timeout
                0x0000000008002722       0x14 zephyr/kernel/libkernel.a(sched.c.obj)
 .text.z_ready_thread
                0x0000000008002736       0x20 zephyr/kernel/libkernel.a(sched.c.obj)
                0x0000000008002736                z_ready_thread
 .text.z_sched_wake_thread
                0x0000000008002756       0x44 zephyr/kernel/libkernel.a(sched.c.obj)
                0x0000000008002756                z_sched_wake_thread
 .text.z_thread_timeout
                0x000000000800279a        0x8 zephyr/kernel/libkernel.a(sched.c.obj)
                0x000000000800279a                z_thread_timeout
 .text.z_reschedule_unlocked
                0x00000000080027a2       0x14 zephyr/kernel/libkernel.a(sched.c.obj)
 .text.z_thread_abort
                0x00000000080027b6       0x42 zephyr/kernel/libkernel.a(sched.c.obj)
                0x00000000080027b6                z_thread_abort
 .text.idle     0x00000000080027f8       0x18 zephyr/kernel/libkernel.a(idle.c.obj)
                0x00000000080027f8                idle
 .text.z_abort_timeout
                0x0000000008002810       0x2c zephyr/kernel/libkernel.a(timeout.c.obj)
                0x0000000008002810                z_abort_timeout
 .text.main     0x000000000800283c        0x6 zephyr/kernel/libkernel.a(main_weak.c.obj)
                0x000000000800283c                main
 .text.strnlen  0x0000000008002842       0x18 c:\users\aryan\onedrive\desktop\frl\avionics\test_stm32\zephyr-sdk-0.16.5\arm-zephyr-eabi\bin\../lib/gcc/../../picolibc/arm-zephyr-eabi/lib/thumb/v7-m/nofp\libc.a(libc_string_strnlen.c.o)
                0x0000000008002842                strnlen
 .text.__ultoa_invert
                0x000000000800285a       0xae c:\users\aryan\onedrive\desktop\frl\avionics\test_stm32\zephyr-sdk-0.16.5\arm-zephyr-eabi\bin\../lib/gcc/../../picolibc/arm-zephyr-eabi/lib/thumb/v7-m/nofp\libc.a(libc_tinystdio_vflprintf.c.o)
 .text.memcpy   0x0000000008002908       0x1c c:\users\aryan\onedrive\desktop\frl\avionics\test_stm32\zephyr-sdk-0.16.5\arm-zephyr-eabi\bin\../lib/gcc/../../picolibc/arm-zephyr-eabi/lib/thumb/v7-m/nofp\libc.a(memcpy.c.o)
                0x0000000008002908                __aeabi_memcpy
                0x0000000008002908                __aeabi_memcpy4
                0x0000000008002908                __aeabi_memcpy8
                0x0000000008002908                memcpy
 .text.memset   0x0000000008002924       0x10 c:\users\aryan\onedrive\desktop\frl\avionics\test_stm32\zephyr-sdk-0.16.5\arm-zephyr-eabi\bin\../lib/gcc/../../picolibc/arm-zephyr-eabi/lib/thumb/v7-m/nofp\libc.a(memset.c.o)
                0x0000000008002924                memset
 *(SORT_BY_ALIGNMENT(.TEXT.*))
 .TEXT.__aeabi_read_tp
                0x0000000008002934        0xc zephyr/arch/arch/arm/core/cortex_m/libarch__arm__core__cortex_m.a(__aeabi_read_tp.S.obj)
                0x0000000008002934                __aeabi_read_tp
 *(SORT_BY_ALIGNMENT(.gnu.linkonce.t.*))
 *(SORT_BY_ALIGNMENT(.glue_7t))
 .glue_7t       0x0000000008002940        0x0 linker stubs
 *(SORT_BY_ALIGNMENT(.glue_7))
 .glue_7        0x0000000008002940        0x0 linker stubs
 *(SORT_BY_ALIGNMENT(.vfp11_veneer))
 .vfp11_veneer  0x0000000008002940        0x0 linker stubs
 *(SORT_BY_ALIGNMENT(.v4_bx))
 .v4_bx         0x0000000008002940        0x0 linker stubs
                0x0000000008002940                . = ALIGN (0x4)
                0x0000000008002940                __text_region_end = .

.ARM.exidx      0x0000000008002940        0x0
                0x0000000008002940                __exidx_start = .
 *(SORT_BY_ALIGNMENT(.ARM.exidx*) SORT_BY_ALIGNMENT(gnu.linkonce.armexidx.*))
                0x0000000008002940                __exidx_end = .
                0x0000000008002940                __rodata_region_start = .

initlevel       0x0000000008002940       0x80
                0x0000000008002940                __init_start = .
                0x0000000008002940                __init_EARLY_start = .
 *(SORT_BY_NAME(SORT_BY_ALIGNMENT(.z_init_EARLY?_*)))
 *(SORT_BY_NAME(SORT_BY_ALIGNMENT(.z_init_EARLY??_*)))
                0x0000000008002940                __init_PRE_KERNEL_1_start = .
 *(SORT_BY_NAME(SORT_BY_ALIGNMENT(.z_init_PRE_KERNEL_1?_*)))
 .z_init_PRE_KERNEL_10_0_
                0x0000000008002940        0x8 zephyr/libzephyr.a(soc.c.obj)
 .z_init_PRE_KERNEL_11_00008_
                0x0000000008002948        0x8 zephyr/drivers/clock_control/libdrivers__clock_control.a(clock_stm32_ll_common.c.obj)
 .z_init_PRE_KERNEL_11_0_
                0x0000000008002950        0x8 zephyr/libzephyr.a(soc_config.c.obj)
 *(SORT_BY_NAME(SORT_BY_ALIGNMENT(.z_init_PRE_KERNEL_1??_*)))
 .z_init_PRE_KERNEL_135_00036_
                0x0000000008002958        0x8 zephyr/drivers/reset/libdrivers__reset.a(reset_stm32.c.obj)
 .z_init_PRE_KERNEL_140_00027_
                0x0000000008002960        0x8 zephyr/drivers/gpio/libdrivers__gpio.a(gpio_stm32.c.obj)
 .z_init_PRE_KERNEL_140_00032_
                0x0000000008002968        0x8 zephyr/drivers/interrupt_controller/libdrivers__interrupt_controller.a(intc_exti_stm32.c.obj)
 .z_init_PRE_KERNEL_140_00063_
                0x0000000008002970        0x8 zephyr/drivers/gpio/libdrivers__gpio.a(gpio_stm32.c.obj)
 .z_init_PRE_KERNEL_140_00064_
                0x0000000008002978        0x8 zephyr/drivers/gpio/libdrivers__gpio.a(gpio_stm32.c.obj)
 .z_init_PRE_KERNEL_140_00065_
                0x0000000008002980        0x8 zephyr/drivers/gpio/libdrivers__gpio.a(gpio_stm32.c.obj)
 .z_init_PRE_KERNEL_140_00066_
                0x0000000008002988        0x8 zephyr/drivers/gpio/libdrivers__gpio.a(gpio_stm32.c.obj)
 .z_init_PRE_KERNEL_155_00037_
                0x0000000008002990        0x8 zephyr/drivers/serial/libdrivers__serial.a(uart_stm32.c.obj)
 .z_init_PRE_KERNEL_155_00040_
                0x0000000008002998        0x8 zephyr/drivers/serial/libdrivers__serial.a(uart_stm32.c.obj)
 .z_init_PRE_KERNEL_155_00043_
                0x00000000080029a0        0x8 zephyr/drivers/serial/libdrivers__serial.a(uart_stm32.c.obj)
 .z_init_PRE_KERNEL_160_0_
                0x00000000080029a8        0x8 zephyr/drivers/console/libdrivers__console.a(uart_console.c.obj)
                0x00000000080029b0                __init_PRE_KERNEL_2_start = .
 *(SORT_BY_NAME(SORT_BY_ALIGNMENT(.z_init_PRE_KERNEL_2?_*)))
 .z_init_PRE_KERNEL_20_0_
                0x00000000080029b0        0x8 zephyr/drivers/timer/libdrivers__timer.a(cortex_m_systick.c.obj)
 *(SORT_BY_NAME(SORT_BY_ALIGNMENT(.z_init_PRE_KERNEL_2??_*)))
                0x00000000080029b8                __init_POST_KERNEL_start = .
 *(SORT_BY_NAME(SORT_BY_ALIGNMENT(.z_init_POST_KERNEL?_*)))
 *(SORT_BY_NAME(SORT_BY_ALIGNMENT(.z_init_POST_KERNEL??_*)))
 .z_init_POST_KERNEL40_0_
                0x00000000080029b8        0x8 zephyr/lib/libc/common/liblib__libc__common.a(malloc.c.obj)
                0x00000000080029c0                __init_APPLICATION_start = .
 *(SORT_BY_NAME(SORT_BY_ALIGNMENT(.z_init_APPLICATION?_*)))
 *(SORT_BY_NAME(SORT_BY_ALIGNMENT(.z_init_APPLICATION??_*)))
                0x00000000080029c0                __init_SMP_start = .
 *(SORT_BY_NAME(SORT_BY_ALIGNMENT(.z_init_SMP?_*)))
 *(SORT_BY_NAME(SORT_BY_ALIGNMENT(.z_init_SMP??_*)))
                0x00000000080029c0                __init_end = .

device_area     0x00000000080029c0       0xdc
                0x00000000080029c0                _device_list_start = .
 *(SORT_BY_NAME(SORT_BY_ALIGNMENT(._device.static.*_?_*)))
 ._device.static.1_1_
                0x00000000080029c0       0x14 zephyr/drivers/clock_control/libdrivers__clock_control.a(clock_stm32_ll_common.c.obj)
                0x00000000080029c0                __device_dts_ord_8
 *(SORT_BY_NAME(SORT_BY_ALIGNMENT(._device.static.*_??_*)))
 ._device.static.1_35_
                0x00000000080029d4       0x14 zephyr/drivers/reset/libdrivers__reset.a(reset_stm32.c.obj)
                0x00000000080029d4                __device_dts_ord_36
 ._device.static.1_40_
                0x00000000080029e8       0x14 zephyr/drivers/interrupt_controller/libdrivers__interrupt_controller.a(intc_exti_stm32.c.obj)
                0x00000000080029e8                __device_dts_ord_32
 ._device.static.1_40_
                0x00000000080029fc       0x64 zephyr/drivers/gpio/libdrivers__gpio.a(gpio_stm32.c.obj)
                0x00000000080029fc                __device_dts_ord_66
                0x0000000008002a10                __device_dts_ord_65
                0x0000000008002a24                __device_dts_ord_27
                0x0000000008002a38                __device_dts_ord_64
                0x0000000008002a4c                __device_dts_ord_63
 ._device.static.1_55_
                0x0000000008002a60       0x3c zephyr/drivers/serial/libdrivers__serial.a(uart_stm32.c.obj)
                0x0000000008002a60                __device_dts_ord_40
                0x0000000008002a74                __device_dts_ord_37
                0x0000000008002a88                __device_dts_ord_43
                0x0000000008002a9c                _device_list_end = .

sw_isr_table    0x0000000008002a9c      0x158
                0x0000000008002a9c                . = ALIGN (0x4)
 *(SORT_BY_ALIGNMENT(.gnu.linkonce.sw_isr_table*))
 .gnu.linkonce.sw_isr_table
                0x0000000008002a9c      0x158 zephyr/CMakeFiles/zephyr_final.dir/isr_tables.c.obj
                0x0000000008002a9c                _sw_isr_table

initlevel_error
                0x0000000008002940        0x0
 *(SORT_BY_NAME(SORT_BY_ALIGNMENT(.z_init_[_A-Z0-9]*)))
                0x0000000000000001                ASSERT ((SIZEOF (initlevel_error) == 0x0), Undefined initialization levels used.)

app_shmem_regions
                0x0000000008002bf4        0x0
                0x0000000008002bf4                __app_shmem_regions_start = .
 *(SORT_BY_NAME(SORT_BY_ALIGNMENT(.app_regions.*)))
                0x0000000008002bf4                __app_shmem_regions_end = .

k_p4wq_initparam_area
                0x0000000008002bf4        0x0
                0x0000000008002bf4                _k_p4wq_initparam_list_start = .
 *(SORT_BY_NAME(SORT_BY_ALIGNMENT(._k_p4wq_initparam.static.*)))
                0x0000000008002bf4                _k_p4wq_initparam_list_end = .

_static_thread_data_area
                0x0000000008002bf4        0x0
                0x0000000008002bf4                __static_thread_data_list_start = .
 *(SORT_BY_NAME(SORT_BY_ALIGNMENT(.__static_thread_data.static.*)))
                0x0000000008002bf4                __static_thread_data_list_end = .

device_deps     0x0000000008002bf4        0x0
                0x0000000008002bf4                __device_deps_start = .
 *(SORT_BY_NAME(SORT_BY_ALIGNMENT(.__device_deps_pass2*)))
                0x0000000008002bf4                __device_deps_end = .

ztest           0x0000000008002bf4        0x0
                0x0000000008002bf4                _ztest_expected_result_entry_list_start = .
 *(SORT_BY_NAME(SORT_BY_ALIGNMENT(._ztest_expected_result_entry.static.*)))
                0x0000000008002bf4                _ztest_expected_result_entry_list_end = .
                0x0000000008002bf4                _ztest_suite_node_list_start = .
 *(SORT_BY_NAME(SORT_BY_ALIGNMENT(._ztest_suite_node.static.*)))
                0x0000000008002bf4                _ztest_suite_node_list_end = .
                0x0000000008002bf4                _ztest_unit_test_list_start = .
 *(SORT_BY_NAME(SORT_BY_ALIGNMENT(._ztest_unit_test.static.*)))
                0x0000000008002bf4                _ztest_unit_test_list_end = .
                0x0000000008002bf4                _ztest_test_rule_list_start = .
 *(SORT_BY_NAME(SORT_BY_ALIGNMENT(._ztest_test_rule.static.*)))
                0x0000000008002bf4                _ztest_test_rule_list_end = .

bt_l2cap_fixed_chan_area
                0x0000000008002bf4        0x0
                0x0000000008002bf4                _bt_l2cap_fixed_chan_list_start = .
 *(SORT_BY_NAME(SORT_BY_ALIGNMENT(._bt_l2cap_fixed_chan.static.*)))
                0x0000000008002bf4                _bt_l2cap_fixed_chan_list_end = .

bt_gatt_service_static_area
                0x0000000008002bf4        0x0
                0x0000000008002bf4                _bt_gatt_service_static_list_start = .
 *(SORT_BY_NAME(SORT_BY_ALIGNMENT(._bt_gatt_service_static.static.*)))
                0x0000000008002bf4                _bt_gatt_service_static_list_end = .

log_strings_area
                0x0000000008002bf4        0x0
                0x0000000008002bf4                _log_strings_list_start = .
 *(SORT_BY_NAME(SORT_BY_ALIGNMENT(._log_strings.static.*)))
                0x0000000008002bf4                _log_strings_list_end = .

log_const_area  0x0000000008002bf4        0x0
                0x0000000008002bf4                _log_const_list_start = .
 *(SORT_BY_NAME(SORT_BY_ALIGNMENT(._log_const.static.*)))
                0x0000000008002bf4                _log_const_list_end = .

log_backend_area
                0x0000000008002bf4        0x0
                0x0000000008002bf4                _log_backend_list_start = .
 *(SORT_BY_NAME(SORT_BY_ALIGNMENT(._log_backend.static.*)))
                0x0000000008002bf4                _log_backend_list_end = .

log_link_area   0x0000000008002bf4        0x0
                0x0000000008002bf4                _log_link_list_start = .
 *(SORT_BY_NAME(SORT_BY_ALIGNMENT(._log_link.static.*)))
                0x0000000008002bf4                _log_link_list_end = .

tracing_backend_area
                0x0000000008002bf4        0x0
                0x0000000008002bf4                _tracing_backend_list_start = .
 *(SORT_BY_NAME(SORT_BY_ALIGNMENT(._tracing_backend.static.*)))
                0x0000000008002bf4                _tracing_backend_list_end = .

zephyr_dbg_info
 *(SORT_BY_ALIGNMENT(.dbg_thread_info))

symbol_to_keep  0x0000000008002bf4        0x0
                0x0000000008002bf4                __symbol_to_keep_start = .
 *(SORT_BY_NAME(SORT_BY_ALIGNMENT(.symbol_to_keep*)))
                0x0000000008002bf4                __symbol_to_keep_end = .

shell_area      0x0000000008002bf4        0x0
                0x0000000008002bf4                _shell_list_start = .
 *(SORT_BY_NAME(SORT_BY_ALIGNMENT(._shell.static.*)))
                0x0000000008002bf4                _shell_list_end = .

shell_root_cmds_area
                0x0000000008002bf4        0x0
                0x0000000008002bf4                _shell_root_cmds_list_start = .
 *(SORT_BY_NAME(SORT_BY_ALIGNMENT(._shell_root_cmds.static.*)))
                0x0000000008002bf4                _shell_root_cmds_list_end = .

shell_subcmds_area
                0x0000000008002bf4        0x0
                0x0000000008002bf4                _shell_subcmds_list_start = .
 *(SORT_BY_NAME(SORT_BY_ALIGNMENT(._shell_subcmds.static.*)))
                0x0000000008002bf4                _shell_subcmds_list_end = .

shell_dynamic_subcmds_area
                0x0000000008002bf4        0x0
                0x0000000008002bf4                _shell_dynamic_subcmds_list_start = .
 *(SORT_BY_NAME(SORT_BY_ALIGNMENT(._shell_dynamic_subcmds.static.*)))
                0x0000000008002bf4                _shell_dynamic_subcmds_list_end = .

cfb_font_area   0x0000000008002bf4        0x0
                0x0000000008002bf4                _cfb_font_list_start = .
 *(SORT_BY_NAME(SORT_BY_ALIGNMENT(._cfb_font.static.*)))
                0x0000000008002bf4                _cfb_font_list_end = .

tdata           0x0000000008002bf4        0x0
 *(SORT_BY_ALIGNMENT(.tdata) SORT_BY_ALIGNMENT(.tdata.*) SORT_BY_ALIGNMENT(.gnu.linkonce.td.*))

tbss            0x0000000008002bf4        0x4
 *(SORT_BY_ALIGNMENT(.tbss) SORT_BY_ALIGNMENT(.tbss.*) SORT_BY_ALIGNMENT(.gnu.linkonce.tb.*) SORT_BY_ALIGNMENT(.tcommon))
 .tbss.z_tls_current
                0x0000000008002bf4        0x4 zephyr/libzephyr.a(thread_entry.c.obj)
                0x0000000008002bf4                z_tls_current
                0x0000000008002bf4                PROVIDE (__tdata_start = LOADADDR (tdata))
                0x0000000000000000                PROVIDE (__tdata_size = SIZEOF (tdata))
                [!provide]                        PROVIDE (__tdata_end = (__tdata_start + __tdata_size))
                0x0000000000000001                PROVIDE (__tdata_align = ALIGNOF (tdata))
                [!provide]                        PROVIDE (__tbss_start = ADDR (tbss))
                0x0000000000000004                PROVIDE (__tbss_size = SIZEOF (tbss))
                [!provide]                        PROVIDE (__tbss_end = (__tbss_start + __tbss_size))
                0x0000000000000004                PROVIDE (__tbss_align = ALIGNOF (tbss))
                [!provide]                        PROVIDE (__tls_start = __tdata_start)
                [!provide]                        PROVIDE (__tls_end = __tbss_end)
                [!provide]                        PROVIDE (__tls_size = (__tbss_end - __tdata_start))

rodata          0x0000000008002bf4      0x318
 *(SORT_BY_ALIGNMENT(.rodata))
 *(SORT_BY_ALIGNMENT(.rodata.*))
 .rodata.gpio_stm32_cfg_e
                0x0000000008002bf4       0x14 zephyr/drivers/gpio/libdrivers__gpio.a(gpio_stm32.c.obj)
 .rodata.gpio_stm32_cfg_d
                0x0000000008002c08       0x14 zephyr/drivers/gpio/libdrivers__gpio.a(gpio_stm32.c.obj)
 .rodata.gpio_stm32_cfg_c
                0x0000000008002c1c       0x14 zephyr/drivers/gpio/libdrivers__gpio.a(gpio_stm32.c.obj)
 .rodata.gpio_stm32_cfg_b
                0x0000000008002c30       0x14 zephyr/drivers/gpio/libdrivers__gpio.a(gpio_stm32.c.obj)
 .rodata.gpio_stm32_cfg_a
                0x0000000008002c44       0x14 zephyr/drivers/gpio/libdrivers__gpio.a(gpio_stm32.c.obj)
 .rodata.gpio_stm32_driver
                0x0000000008002c58       0x24 zephyr/drivers/gpio/libdrivers__gpio.a(gpio_stm32.c.obj)
 .rodata.gpio_ports
                0x0000000008002c7c       0x2c zephyr/drivers/pinctrl/libdrivers__pinctrl.a(pinctrl_stm32.c.obj)
 .rodata.reset_stm32_config
                0x0000000008002ca8        0x4 zephyr/drivers/reset/libdrivers__reset.a(reset_stm32.c.obj)
 .rodata.reset_stm32_driver_api
                0x0000000008002cac       0x10 zephyr/drivers/reset/libdrivers__reset.a(reset_stm32.c.obj)
 .rodata.uart_stm32_cfg_2
                0x0000000008002cbc       0x24 zephyr/drivers/serial/libdrivers__serial.a(uart_stm32.c.obj)
 .rodata.pclken_2
                0x0000000008002ce0        0x8 zephyr/drivers/serial/libdrivers__serial.a(uart_stm32.c.obj)
 .rodata.__pinctrl_dev_config__device_dts_ord_40
                0x0000000008002ce8        0x8 zephyr/drivers/serial/libdrivers__serial.a(uart_stm32.c.obj)
 .rodata.__pinctrl_states__device_dts_ord_40
                0x0000000008002cf0        0x8 zephyr/drivers/serial/libdrivers__serial.a(uart_stm32.c.obj)
 .rodata.__pinctrl_state_pins_0__device_dts_ord_40
                0x0000000008002cf8       0x10 zephyr/drivers/serial/libdrivers__serial.a(uart_stm32.c.obj)
 .rodata.uart_stm32_cfg_1
                0x0000000008002d08       0x24 zephyr/drivers/serial/libdrivers__serial.a(uart_stm32.c.obj)
 .rodata.pclken_1
                0x0000000008002d2c        0x8 zephyr/drivers/serial/libdrivers__serial.a(uart_stm32.c.obj)
 .rodata.__pinctrl_dev_config__device_dts_ord_37
                0x0000000008002d34        0x8 zephyr/drivers/serial/libdrivers__serial.a(uart_stm32.c.obj)
 .rodata.__pinctrl_states__device_dts_ord_37
                0x0000000008002d3c        0x8 zephyr/drivers/serial/libdrivers__serial.a(uart_stm32.c.obj)
 .rodata.__pinctrl_state_pins_0__device_dts_ord_37
                0x0000000008002d44       0x10 zephyr/drivers/serial/libdrivers__serial.a(uart_stm32.c.obj)
 .rodata.uart_stm32_cfg_0
                0x0000000008002d54       0x24 zephyr/drivers/serial/libdrivers__serial.a(uart_stm32.c.obj)
 .rodata.pclken_0
                0x0000000008002d78        0x8 zephyr/drivers/serial/libdrivers__serial.a(uart_stm32.c.obj)
 .rodata.__pinctrl_dev_config__device_dts_ord_43
                0x0000000008002d80        0x8 zephyr/drivers/serial/libdrivers__serial.a(uart_stm32.c.obj)
 .rodata.__pinctrl_states__device_dts_ord_43
                0x0000000008002d88        0x8 zephyr/drivers/serial/libdrivers__serial.a(uart_stm32.c.obj)
 .rodata.__pinctrl_state_pins_0__device_dts_ord_43
                0x0000000008002d90       0x10 zephyr/drivers/serial/libdrivers__serial.a(uart_stm32.c.obj)
 .rodata.uart_stm32_driver_api
                0x0000000008002da0       0x14 zephyr/drivers/serial/libdrivers__serial.a(uart_stm32.c.obj)
 .rodata.levels.0
                0x0000000008002db4       0x18 zephyr/kernel/libkernel.a(init.c.obj)
 .rodata.CSWTCH.587
                0x0000000008002dcc        0x6 zephyr/drivers/serial/libdrivers__serial.a(uart_stm32.c.obj)
 .rodata.line_range_6.0
                0x0000000008002dd2        0x2 zephyr/drivers/interrupt_controller/libdrivers__interrupt_controller.a(intc_exti_stm32.c.obj)
 .rodata.line_range_5.1
                0x0000000008002dd4        0x2 zephyr/drivers/interrupt_controller/libdrivers__interrupt_controller.a(intc_exti_stm32.c.obj)
 .rodata.line_range_4.2
                0x0000000008002dd6        0x2 zephyr/drivers/interrupt_controller/libdrivers__interrupt_controller.a(intc_exti_stm32.c.obj)
 .rodata.line_range_3.3
                0x0000000008002dd8        0x2 zephyr/drivers/interrupt_controller/libdrivers__interrupt_controller.a(intc_exti_stm32.c.obj)
 .rodata.line_range_2.4
                0x0000000008002dda        0x2 zephyr/drivers/interrupt_controller/libdrivers__interrupt_controller.a(intc_exti_stm32.c.obj)
 .rodata.line_range_1.5
                0x0000000008002ddc        0x2 zephyr/drivers/interrupt_controller/libdrivers__interrupt_controller.a(intc_exti_stm32.c.obj)
 .rodata.line_range_0.6
                0x0000000008002dde        0x2 zephyr/drivers/interrupt_controller/libdrivers__interrupt_controller.a(intc_exti_stm32.c.obj)
 .rodata.str1.1
                0x0000000008002de0       0x1e zephyr/drivers/interrupt_controller/libdrivers__interrupt_controller.a(intc_exti_stm32.c.obj)
 .rodata.str1.1
                0x0000000008002dfe        0xd zephyr/drivers/clock_control/libdrivers__clock_control.a(clock_stm32_ll_common.c.obj)
 .rodata.str1.1
                0x0000000008002e0b       0x46 zephyr/drivers/gpio/libdrivers__gpio.a(gpio_stm32.c.obj)
 .rodata.str1.1
                0x0000000008002e51       0x11 zephyr/drivers/reset/libdrivers__reset.a(reset_stm32.c.obj)
 .rodata.str1.1
                0x0000000008002e62       0x30 zephyr/drivers/serial/libdrivers__serial.a(uart_stm32.c.obj)
 .rodata.AHBPrescTable
                0x0000000008002e92       0x10 modules/stm32/stm32cube/lib..__modules__hal__stm32__stm32cube.a(system_stm32f1xx.c.obj)
                0x0000000008002e92                AHBPrescTable
 .rodata.aPredivFactorTable.0
                0x0000000008002ea2        0x2 modules/stm32/stm32cube/lib..__modules__hal__stm32__stm32cube.a(stm32f1xx_hal_rcc.c.obj)
 .rodata.aPLLMULFactorTable.1
                0x0000000008002ea4       0x10 modules/stm32/stm32cube/lib..__modules__hal__stm32__stm32cube.a(stm32f1xx_hal_rcc.c.obj)
 .rodata.z_cstart.str1.1
                0x0000000008002eb4        0x5 zephyr/kernel/libkernel.a(init.c.obj)
 .rodata.boot_banner.str1.1
                0x0000000008002eb9       0x42 zephyr/kernel/libkernel.a(banner.c.obj)
 .rodata.__l_vfprintf.str1.1
                0x0000000008002efb        0xf c:\users\aryan\onedrive\desktop\frl\avionics\test_stm32\zephyr-sdk-0.16.5\arm-zephyr-eabi\bin\../lib/gcc/../../picolibc/arm-zephyr-eabi/lib/thumb/v7-m/nofp\libc.a(libc_tinystdio_vflprintf.c.o)
 *(SORT_BY_ALIGNMENT(.gnu.linkonce.r.*))
                0x0000000008002f0c                . = ALIGN (0x4)
 *fill*         0x0000000008002f0a        0x2 
                0x0000000008002f0c                __rodata_region_end = .
                0x0000000008002f0c                . = ALIGN (_region_min_align)
                0x0000000008002f0c                __rom_region_end = ((__rom_region_start + .) - ADDR (rom_start))

/DISCARD/
 *(SORT_BY_ALIGNMENT(.got.plt))
 *(SORT_BY_ALIGNMENT(.igot.plt))
 *(SORT_BY_ALIGNMENT(.got))
 *(SORT_BY_ALIGNMENT(.igot))
                0x0000000020000000                . = 0x20000000
                0x0000000020000000                . = ALIGN (_region_min_align)
                0x0000000020000000                _image_ram_start = .

.ramfunc        0x0000000020000000        0x0 load address 0x0000000008002f0c
                0x0000000020000000                . = ALIGN (_region_min_align)
                0x0000000020000000                __ramfunc_start = .
 *(SORT_BY_ALIGNMENT(.ramfunc))
 *(SORT_BY_ALIGNMENT(.ramfunc.*))
                0x0000000020000000                . = ALIGN (_region_min_align)
                0x0000000020000000                __ramfunc_end = .
                0x0000000000000000                __ramfunc_size = (__ramfunc_end - __ramfunc_start)
                0x0000000008002f0c                __ramfunc_load_start = LOADADDR (.ramfunc)

datas           0x0000000020000000       0x80 load address 0x0000000008002f0c
                0x0000000020000000                __data_region_start = .
                0x0000000020000000                __data_start = .
 *(SORT_BY_ALIGNMENT(.data))
 *(SORT_BY_ALIGNMENT(.data.*))
 .data._char_out
                0x0000000020000000        0x4 zephyr/libzephyr.a(printk.c.obj)
                0x0000000020000000                _char_out
 .data.handler  0x0000000020000004        0x4 zephyr/arch/arch/arm/core/libarch__arm__core.a(nmi.c.obj)
 .data.__stdout
                0x0000000020000008       0x10 zephyr/lib/libc/picolibc/liblib__libc__picolibc.a(libc-hooks.c.obj)
 .data.stm32_clock_control_api
                0x0000000020000018       0x1c zephyr/drivers/clock_control/libdrivers__clock_control.a(clock_stm32_ll_common.c.obj)
 .data.uart_stm32_data_2
                0x0000000020000034        0x8 zephyr/drivers/serial/libdrivers__serial.a(uart_stm32.c.obj)
 .data.uart_cfg_2
                0x000000002000003c        0x8 zephyr/drivers/serial/libdrivers__serial.a(uart_stm32.c.obj)
 .data.uart_stm32_data_1
                0x0000000020000044        0x8 zephyr/drivers/serial/libdrivers__serial.a(uart_stm32.c.obj)
 .data.uart_cfg_1
                0x000000002000004c        0x8 zephyr/drivers/serial/libdrivers__serial.a(uart_stm32.c.obj)
 .data.uart_stm32_data_0
                0x0000000020000054        0x8 zephyr/drivers/serial/libdrivers__serial.a(uart_stm32.c.obj)
 .data.uart_cfg_0
                0x000000002000005c        0x8 zephyr/drivers/serial/libdrivers__serial.a(uart_stm32.c.obj)
 .data.SystemCoreClock
                0x0000000020000064        0x4 modules/stm32/stm32cube/lib..__modules__hal__stm32__stm32cube.a(system_stm32f1xx.c.obj)
                0x0000000020000064                SystemCoreClock
 .data.timeout_list
                0x0000000020000068        0x8 zephyr/kernel/libkernel.a(timeout.c.obj)
 .data.exti_irq_table
                0x0000000020000070       0x10 zephyr/drivers/interrupt_controller/libdrivers__interrupt_controller.a(intc_exti_stm32.c.obj)
 *(SORT_BY_ALIGNMENT(.kernel.*))
                0x0000000020000080                __data_end = .
                0x0000000000000080                __data_size = (__data_end - __data_start)
                0x0000000008002f0c                __data_load_start = LOADADDR (datas)
                0x0000000008002f0c                __data_region_load_start = LOADADDR (datas)

device_states   0x0000000020000080       0x16 load address 0x0000000008002f8c
                0x0000000020000080                __device_states_start = .
 *(SORT_BY_ALIGNMENT(.z_devstate))
 .z_devstate    0x0000000020000080        0x2 zephyr/drivers/interrupt_controller/libdrivers__interrupt_controller.a(intc_exti_stm32.c.obj)
 .z_devstate    0x0000000020000082        0x2 zephyr/drivers/clock_control/libdrivers__clock_control.a(clock_stm32_ll_common.c.obj)
 .z_devstate    0x0000000020000084        0xa zephyr/drivers/gpio/libdrivers__gpio.a(gpio_stm32.c.obj)
 .z_devstate    0x000000002000008e        0x2 zephyr/drivers/reset/libdrivers__reset.a(reset_stm32.c.obj)
 .z_devstate    0x0000000020000090        0x6 zephyr/drivers/serial/libdrivers__serial.a(uart_stm32.c.obj)
 *(SORT_BY_ALIGNMENT(.z_devstate.*))
                0x0000000020000096                __device_states_end = .

log_mpsc_pbuf_area
                0x0000000020000096        0x0 load address 0x0000000008002fa2
                0x0000000020000096                _log_mpsc_pbuf_list_start = .
 *(SORT_BY_NAME(SORT_BY_ALIGNMENT(._log_mpsc_pbuf.static.*)))
                0x0000000020000096                _log_mpsc_pbuf_list_end = .

log_msg_ptr_area
                0x0000000020000096        0x0 load address 0x0000000008002fa2
                0x0000000020000096                _log_msg_ptr_list_start = .
 *(SORT_BY_NAME(SORT_BY_ALIGNMENT(._log_msg_ptr.static.*)))
                0x0000000020000096                _log_msg_ptr_list_end = .

log_dynamic_area
                0x0000000020000096        0x0 load address 0x0000000008002fa2
                0x0000000020000096                _log_dynamic_list_start = .
 *(SORT_BY_NAME(SORT_BY_ALIGNMENT(._log_dynamic.static.*)))
                0x0000000020000096                _log_dynamic_list_end = .

k_timer_area    0x0000000020000096        0x0 load address 0x0000000008002fa2
                0x0000000020000096                _k_timer_list_start = .
 *(SORT_BY_NAME(SORT_BY_ALIGNMENT(._k_timer.static.*)))
                0x0000000020000096                _k_timer_list_end = .

k_mem_slab_area
                0x0000000020000096        0x0 load address 0x0000000008002fa2
                0x0000000020000096                _k_mem_slab_list_start = .
 *(SORT_BY_NAME(SORT_BY_ALIGNMENT(._k_mem_slab.static.*)))
                0x0000000020000096                _k_mem_slab_list_end = .

k_heap_area     0x0000000020000096        0x0 load address 0x0000000008002fa2
                0x0000000020000096                _k_heap_list_start = .
 *(SORT_BY_NAME(SORT_BY_ALIGNMENT(._k_heap.static.*)))
                0x0000000020000096                _k_heap_list_end = .

k_mutex_area    0x0000000020000096        0x0 load address 0x0000000008002fa2
                0x0000000020000096                _k_mutex_list_start = .
 *(SORT_BY_NAME(SORT_BY_ALIGNMENT(._k_mutex.static.*)))
                0x0000000020000096                _k_mutex_list_end = .

k_stack_area    0x0000000020000096        0x0 load address 0x0000000008002fa2
                0x0000000020000096                _k_stack_list_start = .
 *(SORT_BY_NAME(SORT_BY_ALIGNMENT(._k_stack.static.*)))
                0x0000000020000096                _k_stack_list_end = .

k_msgq_area     0x0000000020000096        0x0 load address 0x0000000008002fa2
                0x0000000020000096                _k_msgq_list_start = .
 *(SORT_BY_NAME(SORT_BY_ALIGNMENT(._k_msgq.static.*)))
                0x0000000020000096                _k_msgq_list_end = .

k_mbox_area     0x0000000020000096        0x0 load address 0x0000000008002fa2
                0x0000000020000096                _k_mbox_list_start = .
 *(SORT_BY_NAME(SORT_BY_ALIGNMENT(._k_mbox.static.*)))
                0x0000000020000096                _k_mbox_list_end = .

k_pipe_area     0x0000000020000096        0x0 load address 0x0000000008002fa2
                0x0000000020000096                _k_pipe_list_start = .
 *(SORT_BY_NAME(SORT_BY_ALIGNMENT(._k_pipe.static.*)))
                0x0000000020000096                _k_pipe_list_end = .

k_sem_area      0x0000000020000096        0x0 load address 0x0000000008002fa2
                0x0000000020000096                _k_sem_list_start = .
 *(SORT_BY_NAME(SORT_BY_ALIGNMENT(._k_sem.static.*)))
                0x0000000020000096                _k_sem_list_end = .

k_event_area    0x0000000020000096        0x0 load address 0x0000000008002fa2
                0x0000000020000096                _k_event_list_start = .
 *(SORT_BY_NAME(SORT_BY_ALIGNMENT(._k_event.static.*)))
                0x0000000020000096                _k_event_list_end = .

k_queue_area    0x0000000020000096        0x0 load address 0x0000000008002fa2
                0x0000000020000096                _k_queue_list_start = .
 *(SORT_BY_NAME(SORT_BY_ALIGNMENT(._k_queue.static.*)))
                0x0000000020000096                _k_queue_list_end = .

k_fifo_area     0x0000000020000096        0x0 load address 0x0000000008002fa2
                0x0000000020000096                _k_fifo_list_start = .
 *(SORT_BY_NAME(SORT_BY_ALIGNMENT(._k_fifo.static.*)))
                0x0000000020000096                _k_fifo_list_end = .

k_lifo_area     0x0000000020000096        0x0 load address 0x0000000008002fa2
                0x0000000020000096                _k_lifo_list_start = .
 *(SORT_BY_NAME(SORT_BY_ALIGNMENT(._k_lifo.static.*)))
                0x0000000020000096                _k_lifo_list_end = .

k_condvar_area  0x0000000020000096        0x0 load address 0x0000000008002fa2
                0x0000000020000096                _k_condvar_list_start = .
 *(SORT_BY_NAME(SORT_BY_ALIGNMENT(._k_condvar.static.*)))
                0x0000000020000096                _k_condvar_list_end = .

sys_mem_blocks_ptr_area
                0x0000000020000096        0x0 load address 0x0000000008002fa2
                0x0000000020000096                _sys_mem_blocks_ptr_list_start = .
 *(SORT_BY_NAME(SORT_BY_ALIGNMENT(._sys_mem_blocks_ptr.static.*)))
                0x0000000020000096                _sys_mem_blocks_ptr_list_end = .

net_buf_pool_area
                0x0000000020000096        0x0 load address 0x0000000008002fa2
                0x0000000020000096                _net_buf_pool_list_start = .
 *(SORT_BY_NAME(SORT_BY_ALIGNMENT(._net_buf_pool.static.*)))
                0x0000000020000096                _net_buf_pool_list_end = .
                0x0000000020000096                __data_region_end = .

bss             0x0000000020000098      0x232
                0x0000000020000098                . = ALIGN (0x4)
                0x0000000020000098                __bss_start = .
                0x0000000020000098                __kernel_ram_start = .
 *(SORT_BY_ALIGNMENT(.bss))
 *(SORT_BY_ALIGNMENT(.bss.*))
 .bss.announced_cycles
                0x0000000020000098        0x8 zephyr/drivers/timer/libdrivers__timer.a(cortex_m_systick.c.obj)
 .bss.cycle_count
                0x00000000200000a0        0x8 zephyr/drivers/timer/libdrivers__timer.a(cortex_m_systick.c.obj)
 .bss.z_idle_threads
                0x00000000200000a8       0x70 zephyr/kernel/libkernel.a(init.c.obj)
                0x00000000200000a8                z_idle_threads
 .bss.z_main_thread
                0x0000000020000118       0x70 zephyr/kernel/libkernel.a(init.c.obj)
                0x0000000020000118                z_main_thread
 .bss.slice_timeouts
                0x0000000020000188       0x18 zephyr/kernel/libkernel.a(sched.c.obj)
 .bss.curr_tick
                0x00000000200001a0        0x8 zephyr/kernel/libkernel.a(timeout.c.obj)
 .bss.z_arm_tls_ptr
                0x00000000200001a8        0x4 zephyr/arch/arch/arm/core/libarch__arm__core.a(tls.c.obj)
                0x00000000200001a8                z_arm_tls_ptr
 .bss._stdout_hook
                0x00000000200001ac        0x4 zephyr/lib/libc/picolibc/liblib__libc__picolibc.a(libc-hooks.c.obj)
 .bss.z_malloc_heap
                0x00000000200001b0        0xc zephyr/lib/libc/common/liblib__libc__common.a(malloc.c.obj)
 .bss.exti_data
                0x00000000200001bc       0x80 zephyr/drivers/interrupt_controller/libdrivers__interrupt_controller.a(intc_exti_stm32.c.obj)
 .bss.gpio_stm32_data_e
                0x000000002000023c       0x10 zephyr/drivers/gpio/libdrivers__gpio.a(gpio_stm32.c.obj)
 .bss.gpio_stm32_data_d
                0x000000002000024c       0x10 zephyr/drivers/gpio/libdrivers__gpio.a(gpio_stm32.c.obj)
 .bss.gpio_stm32_data_c
                0x000000002000025c       0x10 zephyr/drivers/gpio/libdrivers__gpio.a(gpio_stm32.c.obj)
 .bss.gpio_stm32_data_b
                0x000000002000026c       0x10 zephyr/drivers/gpio/libdrivers__gpio.a(gpio_stm32.c.obj)
 .bss.gpio_stm32_data_a
                0x000000002000027c       0x10 zephyr/drivers/gpio/libdrivers__gpio.a(gpio_stm32.c.obj)
 .bss.overflow_cyc
                0x000000002000028c        0x4 zephyr/drivers/timer/libdrivers__timer.a(cortex_m_systick.c.obj)
 .bss.last_load
                0x0000000020000290        0x4 zephyr/drivers/timer/libdrivers__timer.a(cortex_m_systick.c.obj)
 .bss._cpus_active
                0x0000000020000294        0x4 zephyr/kernel/libkernel.a(init.c.obj)
                0x0000000020000294                _cpus_active
 .bss._kernel   0x0000000020000298       0x20 zephyr/kernel/libkernel.a(init.c.obj)
                0x0000000020000298                _kernel
 .bss.pending_current
                0x00000000200002b8        0x4 zephyr/kernel/libkernel.a(sched.c.obj)
 .bss.slice_max_prio
                0x00000000200002bc        0x4 zephyr/kernel/libkernel.a(sched.c.obj)
 .bss.slice_ticks
                0x00000000200002c0        0x4 zephyr/kernel/libkernel.a(sched.c.obj)
 .bss.announce_remaining
                0x00000000200002c4        0x4 zephyr/kernel/libkernel.a(timeout.c.obj)
 .bss.z_sys_post_kernel
                0x00000000200002c8        0x1 zephyr/kernel/libkernel.a(init.c.obj)
                0x00000000200002c8                z_sys_post_kernel
 .bss.slice_expired
                0x00000000200002c9        0x1 zephyr/kernel/libkernel.a(sched.c.obj)
 .bss.sched_spinlock
                0x00000000200002ca        0x0 zephyr/kernel/libkernel.a(sched.c.obj)
                0x00000000200002ca                sched_spinlock
 *(SORT_BY_ALIGNMENT(COMMON))
 *(SORT_BY_ALIGNMENT(.kernel_bss.*))
                0x00000000200002cc                __bss_end = ALIGN (0x4)

noinit          0x00000000200002d0      0xd00
 *(SORT_BY_ALIGNMENT(.noinit))
 *(SORT_BY_ALIGNMENT(.noinit.*))
 .noinit."WEST_TOPDIR/zephyr/kernel/init.c".2
                0x00000000200002d0      0x800 zephyr/kernel/libkernel.a(init.c.obj)
                0x00000000200002d0                z_interrupt_stacks
 .noinit."WEST_TOPDIR/zephyr/kernel/init.c".1
                0x0000000020000ad0      0x100 zephyr/kernel/libkernel.a(init.c.obj)
 .noinit."WEST_TOPDIR/zephyr/kernel/init.c".0
                0x0000000020000bd0      0x400 zephyr/kernel/libkernel.a(init.c.obj)
                0x0000000020000bd0                z_main_stack
 *(SORT_BY_ALIGNMENT(.kernel_noinit.*))
                0x0000000020005000                __kernel_ram_end = 0x20005000
                0x0000000000004f68                __kernel_ram_size = (__kernel_ram_end - __kernel_ram_start)

/DISCARD/
 *(SORT_BY_ALIGNMENT(.irq_info*))
 *(SORT_BY_ALIGNMENT(.intList*))

.last_ram_section
                0x0000000020000fd0        0x0
                0x0000000020000fd0                _image_ram_end = .
                0x0000000000000fd0                _image_ram_size = (_image_ram_end - _image_ram_start)
                0x0000000020000fd0                _end = .
                0x0000000020000fd0                z_mapped_end = .

.stab
 *(SORT_BY_ALIGNMENT(.stab))

.stabstr
 *(SORT_BY_ALIGNMENT(.stabstr))

.stab.excl
 *(SORT_BY_ALIGNMENT(.stab.excl))

.stab.exclstr
 *(SORT_BY_ALIGNMENT(.stab.exclstr))

.stab.index
 *(SORT_BY_ALIGNMENT(.stab.index))

.stab.indexstr
 *(SORT_BY_ALIGNMENT(.stab.indexstr))

.gnu.build.attributes
 *(SORT_BY_ALIGNMENT(.gnu.build.attributes) SORT_BY_ALIGNMENT(.gnu.build.attributes.*))

.comment        0x0000000000000000       0x20
 *(SORT_BY_ALIGNMENT(.comment))
 .comment       0x0000000000000000       0x20 zephyr/CMakeFiles/zephyr_final.dir/isr_tables.c.obj
                                         0x21 (size before relaxing)
 .comment       0x0000000000000020       0x21 zephyr/CMakeFiles/offsets.dir/./arch/arm/core/offsets/offsets.c.obj
 .comment       0x0000000000000020       0x21 zephyr/libzephyr.a(heap.c.obj)
 .comment       0x0000000000000020       0x21 zephyr/libzephyr.a(printk.c.obj)
 .comment       0x0000000000000020       0x21 zephyr/libzephyr.a(thread_entry.c.obj)
 .comment       0x0000000000000020       0x21 zephyr/libzephyr.a(configs.c.obj)
 .comment       0x0000000000000020       0x21 zephyr/libzephyr.a(soc.c.obj)
 .comment       0x0000000000000020       0x21 zephyr/libzephyr.a(soc_config.c.obj)
 .comment       0x0000000000000020       0x21 zephyr/arch/arch/arm/core/libarch__arm__core.a(fatal.c.obj)
 .comment       0x0000000000000020       0x21 zephyr/arch/arch/arm/core/libarch__arm__core.a(nmi.c.obj)
 .comment       0x0000000000000020       0x21 zephyr/arch/arch/arm/core/libarch__arm__core.a(tls.c.obj)
 .comment       0x0000000000000020       0x21 zephyr/arch/arch/arm/core/cortex_m/libarch__arm__core__cortex_m.a(fault.c.obj)
 .comment       0x0000000000000020       0x21 zephyr/arch/arch/arm/core/cortex_m/libarch__arm__core__cortex_m.a(thread_abort.c.obj)
 .comment       0x0000000000000020       0x21 zephyr/arch/arch/arm/core/cortex_m/libarch__arm__core__cortex_m.a(swap.c.obj)
 .comment       0x0000000000000020       0x21 zephyr/arch/arch/arm/core/cortex_m/libarch__arm__core__cortex_m.a(irq_manage.c.obj)
 .comment       0x0000000000000020       0x21 zephyr/arch/arch/arm/core/cortex_m/libarch__arm__core__cortex_m.a(prep_c.c.obj)
 .comment       0x0000000000000020       0x21 zephyr/arch/arch/arm/core/cortex_m/libarch__arm__core__cortex_m.a(thread.c.obj)
 .comment       0x0000000000000020       0x21 zephyr/arch/arch/arm/core/cortex_m/libarch__arm__core__cortex_m.a(irq_init.c.obj)
 .comment       0x0000000000000020       0x21 zephyr/lib/libc/picolibc/liblib__libc__picolibc.a(libc-hooks.c.obj)
 .comment       0x0000000000000020       0x21 zephyr/lib/libc/common/liblib__libc__common.a(malloc.c.obj)
 .comment       0x0000000000000020       0x21 zephyr/drivers/interrupt_controller/libdrivers__interrupt_controller.a(intc_exti_stm32.c.obj)
 .comment       0x0000000000000020       0x21 zephyr/drivers/clock_control/libdrivers__clock_control.a(clock_stm32_ll_common.c.obj)
 .comment       0x0000000000000020       0x21 zephyr/drivers/clock_control/libdrivers__clock_control.a(clock_stm32f1.c.obj)
 .comment       0x0000000000000020       0x21 zephyr/drivers/console/libdrivers__console.a(uart_console.c.obj)
 .comment       0x0000000000000020       0x21 zephyr/drivers/gpio/libdrivers__gpio.a(gpio_stm32.c.obj)
 .comment       0x0000000000000020       0x21 zephyr/drivers/pinctrl/libdrivers__pinctrl.a(common.c.obj)
 .comment       0x0000000000000020       0x21 zephyr/drivers/pinctrl/libdrivers__pinctrl.a(pinctrl_stm32.c.obj)
 .comment       0x0000000000000020       0x21 zephyr/drivers/reset/libdrivers__reset.a(reset_stm32.c.obj)
 .comment       0x0000000000000020       0x21 zephyr/drivers/serial/libdrivers__serial.a(uart_stm32.c.obj)
 .comment       0x0000000000000020       0x21 zephyr/drivers/timer/libdrivers__timer.a(cortex_m_systick.c.obj)
 .comment       0x0000000000000020       0x21 modules/stm32/stm32cube/lib..__modules__hal__stm32__stm32cube.a(system_stm32f1xx.c.obj)
 .comment       0x0000000000000020       0x21 modules/stm32/stm32cube/lib..__modules__hal__stm32__stm32cube.a(stm32f1xx_hal_rcc.c.obj)
 .comment       0x0000000000000020       0x21 modules/stm32/stm32cube/lib..__modules__hal__stm32__stm32cube.a(stm32f1xx_ll_utils.c.obj)
 .comment       0x0000000000000020       0x21 zephyr/kernel/libkernel.a(device.c.obj)
 .comment       0x0000000000000020       0x21 zephyr/kernel/libkernel.a(fatal.c.obj)
 .comment       0x0000000000000020       0x21 zephyr/kernel/libkernel.a(init.c.obj)
 .comment       0x0000000000000020       0x21 zephyr/kernel/libkernel.a(thread.c.obj)
 .comment       0x0000000000000020       0x21 zephyr/kernel/libkernel.a(sched.c.obj)
 .comment       0x0000000000000020       0x21 zephyr/kernel/libkernel.a(idle.c.obj)
 .comment       0x0000000000000020       0x21 zephyr/kernel/libkernel.a(xip.c.obj)
 .comment       0x0000000000000020       0x21 zephyr/kernel/libkernel.a(timeout.c.obj)
 .comment       0x0000000000000020       0x21 zephyr/kernel/libkernel.a(main_weak.c.obj)
 .comment       0x0000000000000020       0x21 zephyr/kernel/libkernel.a(banner.c.obj)

.debug
 *(SORT_BY_ALIGNMENT(.debug))

.line
 *(SORT_BY_ALIGNMENT(.line))

.debug_srcinfo
 *(SORT_BY_ALIGNMENT(.debug_srcinfo))

.debug_sfnames
 *(SORT_BY_ALIGNMENT(.debug_sfnames))

.debug_aranges  0x0000000000000000      0xdf8
 *(SORT_BY_ALIGNMENT(.debug_aranges))
 .debug_aranges
                0x0000000000000000       0x20 zephyr/arch/arch/arm/core/libarch__arm__core.a(nmi_on_reset.S.obj)
 .debug_aranges
                0x0000000000000020       0x20 zephyr/arch/arch/arm/core/cortex_m/libarch__arm__core__cortex_m.a(exc_exit.S.obj)
 .debug_aranges
                0x0000000000000040       0x20 zephyr/arch/arch/arm/core/cortex_m/libarch__arm__core__cortex_m.a(fault_s.S.obj)
 .debug_aranges
                0x0000000000000060       0x20 zephyr/arch/arch/arm/core/cortex_m/libarch__arm__core__cortex_m.a(reset.S.obj)
 .debug_aranges
                0x0000000000000080       0x28 zephyr/arch/arch/arm/core/cortex_m/libarch__arm__core__cortex_m.a(swap_helper.S.obj)
 .debug_aranges
                0x00000000000000a8       0x30 zephyr/arch/arch/arm/core/cortex_m/libarch__arm__core__cortex_m.a(cpu_idle.S.obj)
 .debug_aranges
                0x00000000000000d8       0x20 zephyr/arch/arch/arm/core/cortex_m/libarch__arm__core__cortex_m.a(isr_wrapper.S.obj)
 .debug_aranges
                0x00000000000000f8       0x20 zephyr/arch/arch/arm/core/cortex_m/libarch__arm__core__cortex_m.a(__aeabi_read_tp.S.obj)
 .debug_aranges
                0x0000000000000118       0x18 zephyr/CMakeFiles/zephyr_final.dir/isr_tables.c.obj
 .debug_aranges
                0x0000000000000130       0x20 zephyr/CMakeFiles/offsets.dir/./arch/arm/core/offsets/offsets.c.obj
 .debug_aranges
                0x0000000000000150       0x88 zephyr/libzephyr.a(heap.c.obj)
 .debug_aranges
                0x00000000000001d8       0x50 zephyr/libzephyr.a(printk.c.obj)
 .debug_aranges
                0x0000000000000228       0x20 zephyr/libzephyr.a(thread_entry.c.obj)
 .debug_aranges
                0x0000000000000248       0x20 zephyr/libzephyr.a(configs.c.obj)
 .debug_aranges
                0x0000000000000268       0x20 zephyr/libzephyr.a(soc.c.obj)
 .debug_aranges
                0x0000000000000288       0x20 zephyr/libzephyr.a(soc_config.c.obj)
 .debug_aranges
                0x00000000000002a8       0x30 zephyr/arch/arch/arm/core/libarch__arm__core.a(fatal.c.obj)
 .debug_aranges
                0x00000000000002d8       0x28 zephyr/arch/arch/arm/core/libarch__arm__core.a(nmi.c.obj)
 .debug_aranges
                0x0000000000000300       0x20 zephyr/arch/arch/arm/core/libarch__arm__core.a(tls.c.obj)
 .debug_aranges
                0x0000000000000320       0x40 zephyr/arch/arch/arm/core/cortex_m/libarch__arm__core__cortex_m.a(fault.c.obj)
 .debug_aranges
                0x0000000000000360       0x20 zephyr/arch/arch/arm/core/cortex_m/libarch__arm__core__cortex_m.a(thread_abort.c.obj)
 .debug_aranges
                0x0000000000000380       0x20 zephyr/arch/arch/arm/core/cortex_m/libarch__arm__core__cortex_m.a(swap.c.obj)
 .debug_aranges
                0x00000000000003a0       0x40 zephyr/arch/arch/arm/core/cortex_m/libarch__arm__core__cortex_m.a(irq_manage.c.obj)
 .debug_aranges
                0x00000000000003e0       0x20 zephyr/arch/arch/arm/core/cortex_m/libarch__arm__core__cortex_m.a(prep_c.c.obj)
 .debug_aranges
                0x0000000000000400       0x28 zephyr/arch/arch/arm/core/cortex_m/libarch__arm__core__cortex_m.a(thread.c.obj)
 .debug_aranges
                0x0000000000000428       0x20 zephyr/arch/arch/arm/core/cortex_m/libarch__arm__core__cortex_m.a(irq_init.c.obj)
 .debug_aranges
                0x0000000000000448       0xb0 zephyr/lib/libc/picolibc/liblib__libc__picolibc.a(libc-hooks.c.obj)
 .debug_aranges
                0x00000000000004f8       0x60 zephyr/lib/libc/common/liblib__libc__common.a(malloc.c.obj)
 .debug_aranges
                0x0000000000000558       0x58 zephyr/drivers/interrupt_controller/libdrivers__interrupt_controller.a(intc_exti_stm32.c.obj)
 .debug_aranges
                0x00000000000005b0       0x58 zephyr/drivers/clock_control/libdrivers__clock_control.a(clock_stm32_ll_common.c.obj)
 .debug_aranges
                0x0000000000000608       0x28 zephyr/drivers/clock_control/libdrivers__clock_control.a(clock_stm32f1.c.obj)
 .debug_aranges
                0x0000000000000630       0x30 zephyr/drivers/console/libdrivers__console.a(uart_console.c.obj)
 .debug_aranges
                0x0000000000000660       0x90 zephyr/drivers/gpio/libdrivers__gpio.a(gpio_stm32.c.obj)
 .debug_aranges
                0x00000000000006f0       0x20 zephyr/drivers/pinctrl/libdrivers__pinctrl.a(common.c.obj)
 .debug_aranges
                0x0000000000000710       0x20 zephyr/drivers/pinctrl/libdrivers__pinctrl.a(pinctrl_stm32.c.obj)
 .debug_aranges
                0x0000000000000730       0x38 zephyr/drivers/reset/libdrivers__reset.a(reset_stm32.c.obj)
 .debug_aranges
                0x0000000000000768       0x60 zephyr/drivers/serial/libdrivers__serial.a(uart_stm32.c.obj)
 .debug_aranges
                0x00000000000007c8       0x60 zephyr/drivers/timer/libdrivers__timer.a(cortex_m_systick.c.obj)
 .debug_aranges
                0x0000000000000828       0x28 modules/stm32/stm32cube/lib..__modules__hal__stm32__stm32cube.a(system_stm32f1xx.c.obj)
 .debug_aranges
                0x0000000000000850       0x88 modules/stm32/stm32cube/lib..__modules__hal__stm32__stm32cube.a(stm32f1xx_hal_rcc.c.obj)
 .debug_aranges
                0x00000000000008d8       0x50 modules/stm32/stm32cube/lib..__modules__hal__stm32__stm32cube.a(stm32f1xx_ll_utils.c.obj)
 .debug_aranges
                0x0000000000000928       0x38 zephyr/kernel/libkernel.a(device.c.obj)
 .debug_aranges
                0x0000000000000960       0x60 zephyr/kernel/libkernel.a(fatal.c.obj)
 .debug_aranges
                0x00000000000009c0       0x58 zephyr/kernel/libkernel.a(init.c.obj)
 .debug_aranges
                0x0000000000000a18       0xb8 zephyr/kernel/libkernel.a(thread.c.obj)
 .debug_aranges
                0x0000000000000ad0      0x208 zephyr/kernel/libkernel.a(sched.c.obj)
 .debug_aranges
                0x0000000000000cd8       0x30 zephyr/kernel/libkernel.a(idle.c.obj)
 .debug_aranges
                0x0000000000000d08       0x20 zephyr/kernel/libkernel.a(xip.c.obj)
 .debug_aranges
                0x0000000000000d28       0x90 zephyr/kernel/libkernel.a(timeout.c.obj)
 .debug_aranges
                0x0000000000000db8       0x20 zephyr/kernel/libkernel.a(main_weak.c.obj)
 .debug_aranges
                0x0000000000000dd8       0x20 zephyr/kernel/libkernel.a(banner.c.obj)

.debug_pubnames
 *(SORT_BY_ALIGNMENT(.debug_pubnames))

.debug_info     0x0000000000000000    0x33927
 *(SORT_BY_ALIGNMENT(.debug_info) SORT_BY_ALIGNMENT(.gnu.linkonce.wi.*))
 .debug_info    0x0000000000000000      0x189 zephyr/CMakeFiles/zephyr_final.dir/isr_tables.c.obj
 .debug_info    0x0000000000000189       0xe2 zephyr/CMakeFiles/offsets.dir/./arch/arm/core/offsets/offsets.c.obj
 .debug_info    0x000000000000026b     0x301b zephyr/libzephyr.a(heap.c.obj)
 .debug_info    0x0000000000003286      0x5d1 zephyr/libzephyr.a(printk.c.obj)
 .debug_info    0x0000000000003857      0x706 zephyr/libzephyr.a(thread_entry.c.obj)
 .debug_info    0x0000000000003f5d       0x38 zephyr/libzephyr.a(configs.c.obj)
 .debug_info    0x0000000000003f95      0x210 zephyr/libzephyr.a(soc.c.obj)
 .debug_info    0x00000000000041a5      0x292 zephyr/libzephyr.a(soc_config.c.obj)
 .debug_info    0x0000000000004437     0x258d zephyr/arch/arch/arm/core/libarch__arm__core.a(fatal.c.obj)
 .debug_info    0x00000000000069c4      0x1b0 zephyr/arch/arch/arm/core/libarch__arm__core.a(nmi.c.obj)
 .debug_info    0x0000000000006b74       0x23 zephyr/arch/arch/arm/core/libarch__arm__core.a(nmi_on_reset.S.obj)
 .debug_info    0x0000000000006b97      0x761 zephyr/arch/arch/arm/core/libarch__arm__core.a(tls.c.obj)
 .debug_info    0x00000000000072f8       0x23 zephyr/arch/arch/arm/core/cortex_m/libarch__arm__core__cortex_m.a(exc_exit.S.obj)
 .debug_info    0x000000000000731b     0xb1ec zephyr/arch/arch/arm/core/cortex_m/libarch__arm__core__cortex_m.a(fault.c.obj)
 .debug_info    0x0000000000012507       0x23 zephyr/arch/arch/arm/core/cortex_m/libarch__arm__core__cortex_m.a(fault_s.S.obj)
 .debug_info    0x000000000001252a       0x23 zephyr/arch/arch/arm/core/cortex_m/libarch__arm__core__cortex_m.a(reset.S.obj)
 .debug_info    0x000000000001254d      0x807 zephyr/arch/arch/arm/core/cortex_m/libarch__arm__core__cortex_m.a(thread_abort.c.obj)
 .debug_info    0x0000000000012d54      0x7b6 zephyr/arch/arch/arm/core/cortex_m/libarch__arm__core__cortex_m.a(swap.c.obj)
 .debug_info    0x000000000001350a       0x22 zephyr/arch/arch/arm/core/cortex_m/libarch__arm__core__cortex_m.a(swap_helper.S.obj)
 .debug_info    0x000000000001352c      0x8e1 zephyr/arch/arch/arm/core/cortex_m/libarch__arm__core__cortex_m.a(irq_manage.c.obj)
 .debug_info    0x0000000000013e0d      0x3d8 zephyr/arch/arch/arm/core/cortex_m/libarch__arm__core__cortex_m.a(prep_c.c.obj)
 .debug_info    0x00000000000141e5      0x832 zephyr/arch/arch/arm/core/cortex_m/libarch__arm__core__cortex_m.a(thread.c.obj)
 .debug_info    0x0000000000014a17       0x22 zephyr/arch/arch/arm/core/cortex_m/libarch__arm__core__cortex_m.a(cpu_idle.S.obj)
 .debug_info    0x0000000000014a39      0x58a zephyr/arch/arch/arm/core/cortex_m/libarch__arm__core__cortex_m.a(irq_init.c.obj)
 .debug_info    0x0000000000014fc3       0x23 zephyr/arch/arch/arm/core/cortex_m/libarch__arm__core__cortex_m.a(isr_wrapper.S.obj)
 .debug_info    0x0000000000014fe6       0x23 zephyr/arch/arch/arm/core/cortex_m/libarch__arm__core__cortex_m.a(__aeabi_read_tp.S.obj)
 .debug_info    0x0000000000015009      0xe90 zephyr/lib/libc/picolibc/liblib__libc__picolibc.a(libc-hooks.c.obj)
 .debug_info    0x0000000000015e99      0xdb8 zephyr/lib/libc/common/liblib__libc__common.a(malloc.c.obj)
 .debug_info    0x0000000000016c51      0xee4 zephyr/drivers/interrupt_controller/libdrivers__interrupt_controller.a(intc_exti_stm32.c.obj)
 .debug_info    0x0000000000017b35      0xf33 zephyr/drivers/clock_control/libdrivers__clock_control.a(clock_stm32_ll_common.c.obj)
 .debug_info    0x0000000000018a68      0x22f zephyr/drivers/clock_control/libdrivers__clock_control.a(clock_stm32f1.c.obj)
 .debug_info    0x0000000000018c97      0x833 zephyr/drivers/console/libdrivers__console.a(uart_console.c.obj)
 .debug_info    0x00000000000194ca     0x298c zephyr/drivers/gpio/libdrivers__gpio.a(gpio_stm32.c.obj)
 .debug_info    0x000000000001be56      0x1b2 zephyr/drivers/pinctrl/libdrivers__pinctrl.a(common.c.obj)
 .debug_info    0x000000000001c008      0x6d4 zephyr/drivers/pinctrl/libdrivers__pinctrl.a(pinctrl_stm32.c.obj)
 .debug_info    0x000000000001c6dc      0x64b zephyr/drivers/reset/libdrivers__reset.a(reset_stm32.c.obj)
 .debug_info    0x000000000001cd27     0x4fe1 zephyr/drivers/serial/libdrivers__serial.a(uart_stm32.c.obj)
 .debug_info    0x0000000000021d08      0xe0e zephyr/drivers/timer/libdrivers__timer.a(cortex_m_systick.c.obj)
 .debug_info    0x0000000000022b16      0x241 modules/stm32/stm32cube/lib..__modules__hal__stm32__stm32cube.a(system_stm32f1xx.c.obj)
 .debug_info    0x0000000000022d57      0xa83 modules/stm32/stm32cube/lib..__modules__hal__stm32__stm32cube.a(stm32f1xx_hal_rcc.c.obj)
 .debug_info    0x00000000000237da      0xbb0 modules/stm32/stm32cube/lib..__modules__hal__stm32__stm32cube.a(stm32f1xx_ll_utils.c.obj)
 .debug_info    0x000000000002438a      0x343 zephyr/kernel/libkernel.a(device.c.obj)
 .debug_info    0x00000000000246cd     0x28a5 zephyr/kernel/libkernel.a(fatal.c.obj)
 .debug_info    0x0000000000026f72     0x19ad zephyr/kernel/libkernel.a(init.c.obj)
 .debug_info    0x000000000002891f     0x2691 zephyr/kernel/libkernel.a(thread.c.obj)
 .debug_info    0x000000000002afb0     0x6e1f zephyr/kernel/libkernel.a(sched.c.obj)
 .debug_info    0x0000000000031dcf      0x282 zephyr/kernel/libkernel.a(idle.c.obj)
 .debug_info    0x0000000000032051      0x142 zephyr/kernel/libkernel.a(xip.c.obj)
 .debug_info    0x0000000000032193     0x1615 zephyr/kernel/libkernel.a(timeout.c.obj)
 .debug_info    0x00000000000337a8       0xba zephyr/kernel/libkernel.a(main_weak.c.obj)
 .debug_info    0x0000000000033862       0xc5 zephyr/kernel/libkernel.a(banner.c.obj)

.debug_abbrev   0x0000000000000000     0x7b03
 *(SORT_BY_ALIGNMENT(.debug_abbrev))
 .debug_abbrev  0x0000000000000000      0x118 zephyr/CMakeFiles/zephyr_final.dir/isr_tables.c.obj
 .debug_abbrev  0x0000000000000118       0x62 zephyr/CMakeFiles/offsets.dir/./arch/arm/core/offsets/offsets.c.obj
 .debug_abbrev  0x000000000000017a      0x434 zephyr/libzephyr.a(heap.c.obj)
 .debug_abbrev  0x00000000000005ae      0x30e zephyr/libzephyr.a(printk.c.obj)
 .debug_abbrev  0x00000000000008bc      0x2ad zephyr/libzephyr.a(thread_entry.c.obj)
 .debug_abbrev  0x0000000000000b69       0x2e zephyr/libzephyr.a(configs.c.obj)
 .debug_abbrev  0x0000000000000b97      0x155 zephyr/libzephyr.a(soc.c.obj)
 .debug_abbrev  0x0000000000000cec      0x1ac zephyr/libzephyr.a(soc_config.c.obj)
 .debug_abbrev  0x0000000000000e98      0x2c9 zephyr/arch/arch/arm/core/libarch__arm__core.a(fatal.c.obj)
 .debug_abbrev  0x0000000000001161       0xf5 zephyr/arch/arch/arm/core/libarch__arm__core.a(nmi.c.obj)
 .debug_abbrev  0x0000000000001256       0x14 zephyr/arch/arch/arm/core/libarch__arm__core.a(nmi_on_reset.S.obj)
 .debug_abbrev  0x000000000000126a      0x2b0 zephyr/arch/arch/arm/core/libarch__arm__core.a(tls.c.obj)
 .debug_abbrev  0x000000000000151a       0x14 zephyr/arch/arch/arm/core/cortex_m/libarch__arm__core__cortex_m.a(exc_exit.S.obj)
 .debug_abbrev  0x000000000000152e      0x455 zephyr/arch/arch/arm/core/cortex_m/libarch__arm__core__cortex_m.a(fault.c.obj)
 .debug_abbrev  0x0000000000001983       0x14 zephyr/arch/arch/arm/core/cortex_m/libarch__arm__core__cortex_m.a(fault_s.S.obj)
 .debug_abbrev  0x0000000000001997       0x14 zephyr/arch/arch/arm/core/cortex_m/libarch__arm__core__cortex_m.a(reset.S.obj)
 .debug_abbrev  0x00000000000019ab      0x227 zephyr/arch/arch/arm/core/cortex_m/libarch__arm__core__cortex_m.a(thread_abort.c.obj)
 .debug_abbrev  0x0000000000001bd2      0x1d9 zephyr/arch/arch/arm/core/cortex_m/libarch__arm__core__cortex_m.a(swap.c.obj)
 .debug_abbrev  0x0000000000001dab       0x12 zephyr/arch/arch/arm/core/cortex_m/libarch__arm__core__cortex_m.a(swap_helper.S.obj)
 .debug_abbrev  0x0000000000001dbd      0x28c zephyr/arch/arch/arm/core/cortex_m/libarch__arm__core__cortex_m.a(irq_manage.c.obj)
 .debug_abbrev  0x0000000000002049      0x17d zephyr/arch/arch/arm/core/cortex_m/libarch__arm__core__cortex_m.a(prep_c.c.obj)
 .debug_abbrev  0x00000000000021c6      0x22b zephyr/arch/arch/arm/core/cortex_m/libarch__arm__core__cortex_m.a(thread.c.obj)
 .debug_abbrev  0x00000000000023f1       0x12 zephyr/arch/arch/arm/core/cortex_m/libarch__arm__core__cortex_m.a(cpu_idle.S.obj)
 .debug_abbrev  0x0000000000002403      0x168 zephyr/arch/arch/arm/core/cortex_m/libarch__arm__core__cortex_m.a(irq_init.c.obj)
 .debug_abbrev  0x000000000000256b       0x14 zephyr/arch/arch/arm/core/cortex_m/libarch__arm__core__cortex_m.a(isr_wrapper.S.obj)
 .debug_abbrev  0x000000000000257f       0x14 zephyr/arch/arch/arm/core/cortex_m/libarch__arm__core__cortex_m.a(__aeabi_read_tp.S.obj)
 .debug_abbrev  0x0000000000002593      0x490 zephyr/lib/libc/picolibc/liblib__libc__picolibc.a(libc-hooks.c.obj)
 .debug_abbrev  0x0000000000002a23      0x445 zephyr/lib/libc/common/liblib__libc__common.a(malloc.c.obj)
 .debug_abbrev  0x0000000000002e68      0x49a zephyr/drivers/interrupt_controller/libdrivers__interrupt_controller.a(intc_exti_stm32.c.obj)
 .debug_abbrev  0x0000000000003302      0x511 zephyr/drivers/clock_control/libdrivers__clock_control.a(clock_stm32_ll_common.c.obj)
 .debug_abbrev  0x0000000000003813      0x145 zephyr/drivers/clock_control/libdrivers__clock_control.a(clock_stm32f1.c.obj)
 .debug_abbrev  0x0000000000003958      0x37b zephyr/drivers/console/libdrivers__console.a(uart_console.c.obj)
 .debug_abbrev  0x0000000000003cd3      0x599 zephyr/drivers/gpio/libdrivers__gpio.a(gpio_stm32.c.obj)
 .debug_abbrev  0x000000000000426c       0xd0 zephyr/drivers/pinctrl/libdrivers__pinctrl.a(common.c.obj)
 .debug_abbrev  0x000000000000433c      0x31c zephyr/drivers/pinctrl/libdrivers__pinctrl.a(pinctrl_stm32.c.obj)
 .debug_abbrev  0x0000000000004658      0x289 zephyr/drivers/reset/libdrivers__reset.a(reset_stm32.c.obj)
 .debug_abbrev  0x00000000000048e1      0x537 zephyr/drivers/serial/libdrivers__serial.a(uart_stm32.c.obj)
 .debug_abbrev  0x0000000000004e18      0x48c zephyr/drivers/timer/libdrivers__timer.a(cortex_m_systick.c.obj)
 .debug_abbrev  0x00000000000052a4      0x13e modules/stm32/stm32cube/lib..__modules__hal__stm32__stm32cube.a(system_stm32f1xx.c.obj)
 .debug_abbrev  0x00000000000053e2      0x2f2 modules/stm32/stm32cube/lib..__modules__hal__stm32__stm32cube.a(stm32f1xx_hal_rcc.c.obj)
 .debug_abbrev  0x00000000000056d4      0x325 modules/stm32/stm32cube/lib..__modules__hal__stm32__stm32cube.a(stm32f1xx_ll_utils.c.obj)
 .debug_abbrev  0x00000000000059f9      0x1bc zephyr/kernel/libkernel.a(device.c.obj)
 .debug_abbrev  0x0000000000005bb5      0x40c zephyr/kernel/libkernel.a(fatal.c.obj)
 .debug_abbrev  0x0000000000005fc1      0x661 zephyr/kernel/libkernel.a(init.c.obj)
 .debug_abbrev  0x0000000000006622      0x5d2 zephyr/kernel/libkernel.a(thread.c.obj)
 .debug_abbrev  0x0000000000006bf4      0x6e7 zephyr/kernel/libkernel.a(sched.c.obj)
 .debug_abbrev  0x00000000000072db      0x17e zephyr/kernel/libkernel.a(idle.c.obj)
 .debug_abbrev  0x0000000000007459       0xbe zephyr/kernel/libkernel.a(xip.c.obj)
 .debug_abbrev  0x0000000000007517      0x4ee zephyr/kernel/libkernel.a(timeout.c.obj)
 .debug_abbrev  0x0000000000007a05       0x6f zephyr/kernel/libkernel.a(main_weak.c.obj)
 .debug_abbrev  0x0000000000007a74       0x8f zephyr/kernel/libkernel.a(banner.c.obj)

.debug_line     0x0000000000000000    0x14aaf
 *(SORT_BY_ALIGNMENT(.debug_line) SORT_BY_ALIGNMENT(.debug_line.*) SORT_BY_ALIGNMENT(.debug_line_end))
 .debug_line    0x0000000000000000      0x1e6 zephyr/CMakeFiles/zephyr_final.dir/isr_tables.c.obj
 .debug_line    0x00000000000001e6      0x18d zephyr/CMakeFiles/offsets.dir/./arch/arm/core/offsets/offsets.c.obj
 .debug_line    0x0000000000000373     0x1227 zephyr/libzephyr.a(heap.c.obj)
 .debug_line    0x000000000000159a      0x4e7 zephyr/libzephyr.a(printk.c.obj)
 .debug_line    0x0000000000001a81      0x4c7 zephyr/libzephyr.a(thread_entry.c.obj)
 .debug_line    0x0000000000001f48      0x1b7 zephyr/libzephyr.a(configs.c.obj)
 .debug_line    0x00000000000020ff      0x283 zephyr/libzephyr.a(soc.c.obj)
 .debug_line    0x0000000000002382      0x336 zephyr/libzephyr.a(soc_config.c.obj)
 .debug_line    0x00000000000026b8      0x4b3 zephyr/arch/arch/arm/core/libarch__arm__core.a(fatal.c.obj)
 .debug_line    0x0000000000002b6b      0x17d zephyr/arch/arch/arm/core/libarch__arm__core.a(nmi.c.obj)
 .debug_line    0x0000000000002ce8       0x8d zephyr/arch/arch/arm/core/libarch__arm__core.a(nmi_on_reset.S.obj)
 .debug_line    0x0000000000002d75      0x5a6 zephyr/arch/arch/arm/core/libarch__arm__core.a(tls.c.obj)
 .debug_line    0x000000000000331b       0xa0 zephyr/arch/arch/arm/core/cortex_m/libarch__arm__core__cortex_m.a(exc_exit.S.obj)
 .debug_line    0x00000000000033bb      0xa6c zephyr/arch/arch/arm/core/cortex_m/libarch__arm__core__cortex_m.a(fault.c.obj)
 .debug_line    0x0000000000003e27       0x9a zephyr/arch/arch/arm/core/cortex_m/libarch__arm__core__cortex_m.a(fault_s.S.obj)
 .debug_line    0x0000000000003ec1       0x9f zephyr/arch/arch/arm/core/cortex_m/libarch__arm__core__cortex_m.a(reset.S.obj)
 .debug_line    0x0000000000003f60      0x56f zephyr/arch/arch/arm/core/cortex_m/libarch__arm__core__cortex_m.a(thread_abort.c.obj)
 .debug_line    0x00000000000044cf      0x49c zephyr/arch/arch/arm/core/cortex_m/libarch__arm__core__cortex_m.a(swap.c.obj)
 .debug_line    0x000000000000496b       0xec zephyr/arch/arch/arm/core/cortex_m/libarch__arm__core__cortex_m.a(swap_helper.S.obj)
 .debug_line    0x0000000000004a57      0x492 zephyr/arch/arch/arm/core/cortex_m/libarch__arm__core__cortex_m.a(irq_manage.c.obj)
 .debug_line    0x0000000000004ee9      0x418 zephyr/arch/arch/arm/core/cortex_m/libarch__arm__core__cortex_m.a(prep_c.c.obj)
 .debug_line    0x0000000000005301      0x54e zephyr/arch/arch/arm/core/cortex_m/libarch__arm__core__cortex_m.a(thread.c.obj)
 .debug_line    0x000000000000584f       0xc7 zephyr/arch/arch/arm/core/cortex_m/libarch__arm__core__cortex_m.a(cpu_idle.S.obj)
 .debug_line    0x0000000000005916      0x2f2 zephyr/arch/arch/arm/core/cortex_m/libarch__arm__core__cortex_m.a(irq_init.c.obj)
 .debug_line    0x0000000000005c08       0xaa zephyr/arch/arch/arm/core/cortex_m/libarch__arm__core__cortex_m.a(isr_wrapper.S.obj)
 .debug_line    0x0000000000005cb2       0x9b zephyr/arch/arch/arm/core/cortex_m/libarch__arm__core__cortex_m.a(__aeabi_read_tp.S.obj)
 .debug_line    0x0000000000005d4d      0x80d zephyr/lib/libc/picolibc/liblib__libc__picolibc.a(libc-hooks.c.obj)
 .debug_line    0x000000000000655a      0x83e zephyr/lib/libc/common/liblib__libc__common.a(malloc.c.obj)
 .debug_line    0x0000000000006d98      0x857 zephyr/drivers/interrupt_controller/libdrivers__interrupt_controller.a(intc_exti_stm32.c.obj)
 .debug_line    0x00000000000075ef      0xab2 zephyr/drivers/clock_control/libdrivers__clock_control.a(clock_stm32_ll_common.c.obj)
 .debug_line    0x00000000000080a1      0x2f5 zephyr/drivers/clock_control/libdrivers__clock_control.a(clock_stm32f1.c.obj)
 .debug_line    0x0000000000008396      0x4cb zephyr/drivers/console/libdrivers__console.a(uart_console.c.obj)
 .debug_line    0x0000000000008861     0x11be zephyr/drivers/gpio/libdrivers__gpio.a(gpio_stm32.c.obj)
 .debug_line    0x0000000000009a1f      0x291 zephyr/drivers/pinctrl/libdrivers__pinctrl.a(common.c.obj)
 .debug_line    0x0000000000009cb0      0x660 zephyr/drivers/pinctrl/libdrivers__pinctrl.a(pinctrl_stm32.c.obj)
 .debug_line    0x000000000000a310      0x442 zephyr/drivers/reset/libdrivers__reset.a(reset_stm32.c.obj)
 .debug_line    0x000000000000a752     0x1359 zephyr/drivers/serial/libdrivers__serial.a(uart_stm32.c.obj)
 .debug_line    0x000000000000baab      0x948 zephyr/drivers/timer/libdrivers__timer.a(cortex_m_systick.c.obj)